Component: ARM Compiler 5.06 update 4 (build 422) Tool: armlink [4d35d2]

==============================================================================

Section Cross References

    main.o(.text) refers to _printf_percent.o(.ARM.Collect$$_printf_percent$$00000000) for _printf_percent
    main.o(.text) refers to _printf_d.o(.ARM.Collect$$_printf_percent$$00000009) for _printf_d
    main.o(.text) refers to _printf_dec.o(.text) for _printf_int_dec
    main.o(.text) refers to stm32f10x_rcc.o(.text) for RCC_APB2PeriphClockCmd
    main.o(.text) refers to delay.o(.text) for delay_init
    main.o(.text) refers to sys.o(.text) for NVIC_Configuration
    main.o(.text) refers to usart.o(.text) for uart_init
    main.o(.text) refers to noretval__2printf.o(.text) for __2printf
    main.o(.text) refers to key.o(.text) for KEY_Init
    main.o(.text) refers to anbt_i2c.o(.text) for ANBT_I2C_Configuration
    main.o(.text) refers to anbt_dmp_mpu6050.o(.text) for AnBT_DMP_MPU6050_Init
    main.o(.text) refers to smooth.o(.text) for TIM3_Int_Init
    main.o(.text) refers to 24l01.o(.text) for NRF24L01_Init
    main.o(.text) refers to mpu6050.o(.text) for MPU6050ReadGyro
    main.o(.text) refers to main.o(.data) for tmp_buf
    main.o(.text) refers to smooth.o(.data) for ringBuff1
    stm32f10x_it.o(.text) refers to usb_istr.o(.text) for USB_Istr
    stm32f10x_it.o(.text) refers to stm32f10x_exti.o(.text) for EXTI_ClearITPendingBit
    system_stm32f10x.o(.text) refers to system_stm32f10x.o(.data) for SystemCoreClock
    key.o(.text) refers to stm32f10x_rcc.o(.text) for RCC_APB1PeriphClockCmd
    key.o(.text) refers to stm32f10x_gpio.o(.text) for GPIO_Init
    key.o(.text) refers to stm32f10x_tim.o(.text) for TIM_DeInit
    key.o(.text) refers to delay.o(.text) for delay_ms
    key.o(.text) refers to key.o(.bss) for TIM4_ICInitStructure
    key.o(.text) refers to key.o(.data) for key_up1
    key.o(.text) refers to main.o(.data) for tim_flag_before
    i2c.o(.text) refers to stm32f10x_gpio.o(.text) for GPIO_Init
    i2c.o(.text) refers to delay.o(.text) for delay_us
    mpu6050.o(.text) refers to _printf_percent.o(.ARM.Collect$$_printf_percent$$00000000) for _printf_percent
    mpu6050.o(.text) refers to _printf_d.o(.ARM.Collect$$_printf_percent$$00000009) for _printf_d
    mpu6050.o(.text) refers to _printf_dec.o(.text) for _printf_int_dec
    mpu6050.o(.text) refers to i2c.o(.text) for I2C_Start
    mpu6050.o(.text) refers to noretval__2printf.o(.text) for __2printf
    mpu6050.o(.text) refers to dflt_clz.o(x$fpl$dflt) for __aeabi_i2d
    mpu6050.o(.text) refers to ddiv.o(x$fpl$ddiv) for __aeabi_ddiv
    mpu6050.o(.text) refers to daddsub_clz.o(x$fpl$dsub) for __aeabi_dsub
    mpu6050.o(.text) refers to dfix.o(x$fpl$dfix) for __aeabi_d2iz
    spi.o(.text) refers to stm32f10x_spi.o(.text) for SPI_I2S_GetFlagStatus
    spi.o(.text) refers to stm32f10x_rcc.o(.text) for RCC_APB2PeriphClockCmd
    spi.o(.text) refers to stm32f10x_gpio.o(.text) for GPIO_Init
    24l01.o(.text) refers to stm32f10x_rcc.o(.text) for RCC_APB2PeriphClockCmd
    24l01.o(.text) refers to stm32f10x_gpio.o(.text) for GPIO_Init
    24l01.o(.text) refers to spi.o(.text) for SPI2_Init
    24l01.o(.text) refers to stm32f10x_spi.o(.text) for SPI_Cmd
    24l01.o(.text) refers to 24l01.o(.constdata) for RX_ADDRESS
    led.o(.text) refers to stm32f10x_rcc.o(.text) for RCC_APB2PeriphClockCmd
    led.o(.text) refers to stm32f10x_gpio.o(.text) for GPIO_Init
    smooth.o(.text) refers to stm32f10x_rcc.o(.text) for RCC_APB1PeriphClockCmd
    smooth.o(.text) refers to stm32f10x_tim.o(.text) for TIM_TimeBaseInit
    smooth.o(.text) refers to misc.o(.text) for NVIC_Init
    smooth.o(.text) refers to key.o(.text) for ROLL_Scan
    smooth.o(.text) refers to smooth.o(.data) for tim_flag
    delay.o(.text) refers to misc.o(.text) for SysTick_CLKSourceConfig
    delay.o(.text) refers to system_stm32f10x.o(.data) for SystemCoreClock
    delay.o(.text) refers to delay.o(.data) for fac_us
    sys.o(.text) refers to misc.o(.text) for NVIC_PriorityGroupConfig
    usart.o(.text) refers (Special) to use_no_semi_2.o(.text) for __use_no_semihosting
    usart.o(.text) refers to stm32f10x_rcc.o(.text) for RCC_APB2PeriphClockCmd
    usart.o(.text) refers to stm32f10x_gpio.o(.text) for GPIO_Init
    usart.o(.text) refers to misc.o(.text) for NVIC_Init
    usart.o(.text) refers to stm32f10x_usart.o(.text) for USART_Init
    usart.o(.text) refers to usart.o(.data) for USART_RX_STA
    usart.o(.text) refers to usart.o(.bss) for USART_RX_BUF
    usart.o(.bss) refers (Special) to use_no_semi_2.o(.text) for __use_no_semihosting
    usart.o(.data) refers (Special) to use_no_semi_2.o(.text) for __use_no_semihosting
    startup_stm32f10x_md.o(STACK) refers (Special) to heapauxi.o(.text) for __use_two_region_memory
    startup_stm32f10x_md.o(HEAP) refers (Special) to heapauxi.o(.text) for __use_two_region_memory
[...]
    _get_lc_collate                           - Undefined Weak Reference
    _get_lc_ctype                             - Undefined Weak Reference
    _get_lc_monetary                          - Undefined Weak Reference
    _get_lc_numeric                           - Undefined Weak Reference
    _get_lc_time                              - Undefined Weak Reference
    _getenv_init                              - Undefined Weak Reference
    _handle_redirection                       - Undefined Weak Reference
    _init_alloc                               - Undefined Weak Reference
    _init_user_alloc                          - Undefined Weak Reference
    _initio                                   - Undefined Weak Reference
    _mutex_acquire                            - Undefined Weak Reference
    _mutex_release                            - Undefined Weak Reference
    _printf_post_padding                      - Undefined Weak Reference
    _printf_pre_padding                       - Undefined Weak Reference
    _printf_truncate_signed                   - Undefined Weak Reference
    _printf_truncate_unsigned                 - Undefined Weak Reference
    _rand_init                                - Undefined Weak Reference
    _signal_finish                            - Undefined Weak Reference
    _signal_init                              - Undefined Weak Reference
    _terminate_alloc                          - Undefined Weak Reference
    _terminate_user_alloc                     - Undefined Weak Reference
    _terminateio                              - Undefined Weak Reference
    __Vectors_Size                           0x000000ec   Number         0  startup_stm32f10x_md.o ABSOLUTE
    __Vectors                                0x08000000   Data           4  startup_stm32f10x_md.o(RESET)
    __Vectors_End                            0x080000ec   Data           0  startup_stm32f10x_md.o(RESET)
    __main                                   0x080000ed   Thumb Code     8  __main.o(!!!main)
    __scatterload                            0x080000f5   Thumb Code     0  __scatter.o(!!!scatter)
    __scatterload_rt2                        0x080000f5   Thumb Code    44  __scatter.o(!!!scatter)
    __scatterload_rt2_thumb_only             0x080000f5   Thumb Code     0  __scatter.o(!!!scatter)
    __scatterload_null                       0x08000103   Thumb Code     0  __scatter.o(!!!scatter)
    __decompress                             0x08000129   Thumb Code    90  __dczerorl2.o(!!dczerorl2)
    __decompress1                            0x08000129   Thumb Code     0  __dczerorl2.o(!!dczerorl2)
    __scatterload_zeroinit                   0x08000185   Thumb Code    28  __scatter_zi.o(!!handler_zi)
    _printf_d                                0x080001a1   Thumb Code     0  _printf_d.o(.ARM.Collect$$_printf_percent$$00000009)
    _printf_percent                          0x080001a1   Thumb Code     0  _printf_percent.o(.ARM.Collect$$_printf_percent$$00000000)
    _printf_percent_end                      0x080001a7   Thumb Code     0  _printf_percent_end.o(.ARM.Collect$$_printf_percent$$00000017)
    __rt_lib_init                            0x080001ab   Thumb Code     0  libinit.o(.ARM.Collect$$libinit$$00000000)
    __rt_lib_init_alloca_1                   0x080001ad   Thumb Code     0  libinit2.o(.ARM.Collect$$libinit$$0000002E)
    __rt_lib_init_argv_1                     0x080001ad   Thumb Code     0  libinit2.o(.ARM.Collect$$libinit$$0000002C)
    __rt_lib_init_atexit_1                   0x080001ad   Thumb Code     0  libinit2.o(.ARM.Collect$$libinit$$0000001B)
    __rt_lib_init_clock_1                    0x080001ad   Thumb Code     0  libinit2.o(.ARM.Collect$$libinit$$00000021)
    __rt_lib_init_cpp_1                      0x080001ad   Thumb Code     0  libinit2.o(.ARM.Collect$$libinit$$00000032)
    __rt_lib_init_exceptions_1               0x080001ad   Thumb Code     0  libinit2.o(.ARM.Collect$$libinit$$00000030)
    __rt_lib_init_fp_1                       0x080001ad   Thumb Code     0  libinit2.o(.ARM.Collect$$libinit$$00000002)
    __rt_lib_init_fp_trap_1                  0x080001ad   Thumb Code     0  libinit2.o(.ARM.Collect$$libinit$$0000001F)
    __rt_lib_init_getenv_1                   0x080001ad   Thumb Code     0  libinit2.o(.ARM.Collect$$libinit$$00000023)
    __rt_lib_init_heap_1                     0x080001ad   Thumb Code     0  libinit2.o(.ARM.Collect$$libinit$$0000000A)
    __rt_lib_init_lc_collate_1               0x080001ad   Thumb Code     0  libinit2.o(.ARM.Collect$$libinit$$00000011)
    __rt_lib_init_lc_ctype_1                 0x080001ad   Thumb Code     0  libinit2.o(.ARM.Collect$$libinit$$00000013)
    __rt_lib_init_lc_monetary_1              0x080001ad   Thumb Code     0  libinit2.o(.ARM.Collect$$libinit$$00000015)
    __rt_lib_init_lc_numeric_1               0x080001ad   Thumb Code     0  libinit2.o(.ARM.Collect$$libinit$$00000017)
    __rt_lib_init_lc_time_1                  0x080001ad   Thumb Code     0  libinit2.o(.ARM.Collect$$libinit$$00000019)
    __rt_lib_init_preinit_1                  0x080001ad   Thumb Code     0  libinit2.o(.ARM.Collect$$libinit$$00000004)
    __rt_lib_init_rand_1                     0x080001ad   Thumb Code     0  libinit2.o(.ARM.Collect$$libinit$$0000000E)
    __rt_lib_init_return                     0x080001ad   Thumb Code     0  libinit2.o(.ARM.Collect$$libinit$$00000033)
    __rt_lib_init_signal_1                   0x080001ad   Thumb Code     0  libinit2.o(.ARM.Collect$$libinit$$0000001D)
    __rt_lib_init_stdio_1                    0x080001ad   Thumb Code     0  libinit2.o(.ARM.Collect$$libinit$$00000025)
    __rt_lib_init_user_alloc_1               0x080001ad   Thumb Code     0  libinit2.o(.ARM.Collect$$libinit$$0000000C)
    __rt_lib_shutdown                        0x080001af   Thumb Code     0  libshutdown.o(.ARM.Collect$$libshutdown$$00000000)
    __rt_lib_shutdown_cpp_1                  0x080001b1   Thumb Code     0  libshutdown2.o(.ARM.Collect$$libshutdown$$00000002)
    __rt_lib_shutdown_fp_trap_1              0x080001b1   Thumb Code     0  libshutdown2.o(.ARM.Collect$$libshutdown$$00000007)
    __rt_lib_shutdown_heap_1                 0x080001b1   Thumb Code     0  libshutdown2.o(.ARM.Collect$$libshutdown$$0000000F)
    __rt_lib_shutdown_return                 0x080001b1   Thumb Code     0  libshutdown2.o(.ARM.Collect$$libshutdown$$00000010)
    __rt_lib_shutdown_signal_1               0x080001b1   Thumb Code     0  libshutdown2.o(.ARM.Collect$$libshutdown$$0000000A)
    __rt_lib_shutdown_stdio_1                0x080001b1   Thumb Code     0  libshutdown2.o(.ARM.Collect$$libshutdown$$00000004)
    __rt_lib_shutdown_user_alloc_1           0x080001b1   Thumb Code     0  libshutdown2.o(.ARM.Collect$$libshutdown$$0000000C)
    __rt_entry                               0x080001b3   Thumb Code     0  __rtentry.o(.ARM.Collect$$rtentry$$00000000)
    __rt_entry_presh_1                       0x080001b3   Thumb Code     0  __rtentry2.o(.ARM.Collect$$rtentry$$00000002)
    __rt_entry_sh                            0x080001b3   Thumb Code     0  __rtentry4.o(.ARM.Collect$$rtentry$$00000004)
    __rt_entry_li                            0x080001b9   Thumb Code     0  __rtentry2.o(.ARM.Collect$$rtentry$$0000000A)
    __rt_entry_postsh_1                      0x080001b9   Thumb Code     0  __rtentry2.o(.ARM.Collect$$rtentry$$00000009)
    __rt_entry_main                          0x080001bd   Thumb Code     0  __rtentry2.o(.ARM.Collect$$rtentry$$0000000D)
    __rt_entry_postli_1                      0x080001bd   Thumb Code     0  __rtentry2.o(.ARM.Collect$$rtentry$$0000000C)
    __rt_exit                                0x080001c5   Thumb Code     0  rtexit.o(.ARM.Collect$$rtexit$$00000000)
    __rt_exit_ls                             0x080001c7   Thumb Code     0  rtexit2.o(.ARM.Collect$$rtexit$$00000003)
    __rt_exit_prels_1                        0x080001c7   Thumb Code     0  rtexit2.o(.ARM.Collect$$rtexit$$00000002)
    __rt_exit_exit                           0x080001cb   Thumb Code     0  rtexit2.o(.ARM.Collect$$rtexit$$00000004)
    usb_abs                                  0x080001d1   Thumb Code    14  main.o(.text)
    usb_port_set                             0x080001df   Thumb Code    68  main.o(.text)
    main                                     0x08000235   Thumb Code   454  main.o(.text)
    NMI_Handler                              0x08000481   Thumb Code     2  stm32f10x_it.o(.text)
    HardFault_Handler                        0x08000483   Thumb Code     4  stm32f10x_it.o(.text)
    MemManage_Handler                        0x08000487   Thumb Code     4  stm32f10x_it.o(.text)
    BusFault_Handler                         0x0800048b   Thumb Code     4  stm32f10x_it.o(.text)
    UsageFault_Handler                       0x0800048f   Thumb Code     4  stm32f10x_it.o(.text)
    SVC_Handler                              0x08000493   Thumb Code     2  stm32f10x_it.o(.text)
    DebugMon_Handler                         0x08000495   Thumb Code     2  stm32f10x_it.o(.text)
    PendSV_Handler                           0x08000497   Thumb Code     2  stm32f10x_it.o(.text)
    SysTick_Handler                          0x08000499   Thumb Code     2  stm32f10x_it.o(.text)
    USB_HP_CAN_TX_IRQHandler                 0x0800049b   Thumb Code     2  stm32f10x_it.o(.text)
    USB_LP_CAN1_RX0_IRQHandler               0x0800049d   Thumb Code     8  stm32f10x_it.o(.text)
    USBWakeUp_IRQHandler                     0x080004a5   Thumb Code    12  stm32f10x_it.o(.text)
    SystemInit                               0x0800058f   Thumb Code    78  system_stm32f10x.o(.text)
    SystemCoreClockUpdate                    0x080005dd   Thumb Code   142  system_stm32f10x.o(.text)
    ROLL_Tim4_init                           0x08000691   Thumb Code   124  key.o(.text)
    KEY_Init                                 0x0800070d   Thumb Code    60  key.o(.text)
    KEY_Scan                                 0x08000749   Thumb Code   124  key.o(.text)
    CenterKey_Scan                           0x080007c5   Thumb Code   108  key.o(.text)
    FunKey_Scan                              0x08000831   Thumb Code   108  key.o(.text)
    ROLL_Scan                                0x0800089d   Thumb Code   160  key.o(.text)
    I2C_Init                                 0x08000975   Thumb Code    52  i2c.o(.text)
    I2C_SDA_OUT                              0x080009a9   Thumb Code    32  i2c.o(.text)
    I2C_SDA_IN                               0x080009c9   Thumb Code    26  i2c.o(.text)
    I2C_Start                                0x080009e3   Thumb Code    60  i2c.o(.text)
    I2C_Stop                                 0x08000a1f   Thumb Code    60  i2c.o(.text)
    I2C_Ack                                  0x08000a5b   Thumb Code    60  i2c.o(.text)
    I2C_NAck                                 0x08000a97   Thumb Code    60  i2c.o(.text)
    I2C_Wait_Ack                             0x08000ad3   Thumb Code    86  i2c.o(.text)
    I2C_Send_Byte                            0x08000b29   Thumb Code   100  i2c.o(.text)
    I2C_Read_Byte                            0x08000b8d   Thumb Code    92  i2c.o(.text)
    PMU6050_WriteReg                         0x08000bed   Thumb Code    46  mpu6050.o(.text)
    PMU6050_ReadData                         0x08000c1b   Thumb Code    88  mpu6050.o(.text)
    MPU6050_Init                             0x08000c73   Thumb Code    44  mpu6050.o(.text)
    MPU6050ReadID                            0x08000c9f   Thumb Code    28  mpu6050.o(.text)
    MPU6050ReadAcc                           0x08000cbb   Thumb Code    64  mpu6050.o(.text)
    MPU6050ReadGyro                          0x08000cfb   Thumb Code    64  mpu6050.o(.text)
    MPU6050ReadTemp                          0x08000d3b   Thumb Code    32  mpu6050.o(.text)
    MPU6050_ReturnTemp                       0x08000d5b   Thumb Code    78  mpu6050.o(.text)
    SPI1_ReadWriteByte                       0x08000db9   Thumb Code    78  spi.o(.text)
    SPI2_Init                                0x08000e07   Thumb Code   136  spi.o(.text)
    SPI1_SetSpeed                            0x08000e8f   Thumb Code    36  spi.o(.text)
    NRF24L01_Init                            0x08000ebd   Thumb Code   166  24l01.o(.text)
    NRF24L01_Read_Buf                        0x08000f63   Thumb Code    60  24l01.o(.text)
    NRF24L01_Write_Buf                       0x08000f9f   Thumb Code    60  24l01.o(.text)
    NRF24L01_Check                           0x08000fdb   Thumb Code    72  24l01.o(.text)
    NRF24L01_Write_Reg                       0x08001023   Thumb Code    40  24l01.o(.text)
    NRF24L01_Read_Reg                        0x0800104b   Thumb Code    38  24l01.o(.text)
    NRF24L01_TxPacket                        0x08001071   Thumb Code    94  24l01.o(.text)
    NRF24L01_RxPacket                        0x080010cf   Thumb Code    58  24l01.o(.text)
    NRF24L01_RX_Mode                         0x08001109   Thumb Code    76  24l01.o(.text)
    NRF24L01_TX_Mode                         0x08001155   Thumb Code    86  24l01.o(.text)
    TIM3_Int_Init                            0x080011cd   Thumb Code    90  smooth.o(.text)
    TIM3_IRQHandler                          0x08001227   Thumb Code    82  smooth.o(.text)
    RingBuff_Init                            0x08001279   Thumb Code    12  smooth.o(.text)
    Write_RingBuff                           0x08001285   Thumb Code    28  smooth.o(.text)
    delay_init                               0x080012b5   Thumb Code    50  delay.o(.text)
    delay_us                                 0x080012e7   Thumb Code    72  delay.o(.text)
    delay_ms                                 0x0800132f   Thumb Code    72  delay.o(.text)
    NVIC_Configuration                       0x08001389   Thumb Code    12  sys.o(.text)
    _sys_exit                                0x08001395   Thumb Code     6  usart.o(.text)
    fputc                                    0x0800139b   Thumb Code    24  usart.o(.text)
    uart_init                                0x080013b3   Thumb Code   152  usart.o(.text)
    USART1_IRQHandler                        0x0800144b   Thumb Code   122  usart.o(.text)
    Reset_Handler                            0x080014d5   Thumb Code     8  startup_stm32f10x_md.o(.text)
    ADC1_2_IRQHandler                        0x080014ef   Thumb Code     0  startup_stm32f10x_md.o(.text)
    CAN1_RX1_IRQHandler                      0x080014ef   Thumb Code     0  startup_stm32f10x_md.o(.text)
    CAN1_SCE_IRQHandler                      0x080014ef   Thumb Code     0  startup_stm32f10x_md.o(.text)
    DMA1_Channel1_IRQHandler                 0x080014ef   Thumb Code     0  startup_stm32f10x_md.o(.text)
    DMA1_Channel2_IRQHandler                 0x080014ef   Thumb Code     0  startup_stm32f10x_md.o(.text)
    DMA1_Channel3_IRQHandler                 0x080014ef   Thumb Code     0  startup_stm32f10x_md.o(.text)
    DMA1_Channel4_IRQHandler                 0x080014ef   Thumb Code     0  startup_stm32f10x_md.o(.text)
    DMA1_Channel5_IRQHandler                 0x080014ef   Thumb Code     0  startup_stm32f10x_md.o(.text)
    DMA1_Channel6_IRQHandler                 0x080014ef   Thumb Code     0  startup_stm32f10x_md.o(.text)
    DMA1_Channel7_IRQHandler                 0x080014ef   Thumb Code     0  startup_stm32f10x_md.o(.text)
    EXTI0_IRQHandler                         0x080014ef   Thumb Code     0  startup_stm32f10x_md.o(.text)
    EXTI15_10_IRQHandler                     0x080014ef   Thumb Code     0  startup_stm32f10x_md.o(.text)
    EXTI1_IRQHandler                         0x080014ef   Thumb Code     0  startup_stm32f10x_md.o(.text)
    EXTI2_IRQHandler                         0x080014ef   Thumb Code     0  startup_stm32f10x_md.o(.text)
    EXTI3_IRQHandler                         0x080014ef   Thumb Code     0  startup_stm32f10x_md.o(.text)
    EXTI4_IRQHandler                         0x080014ef   Thumb Code     0  startup_stm32f10x_md.o(.text)
    EXTI9_5_IRQHandler                       0x080014ef   Thumb Code     0  startup_stm32f10x_md.o(.text)
    FLASH_IRQHandler                         0x080014ef   Thumb Code     0  startup_stm32f10x_md.o(.text)
    I2C1_ER_IRQHandler                       0x080014ef   Thumb Code     0  startup_stm32f10x_md.o(.text)
    I2C1_EV_IRQHandler                       0x080014ef   Thumb Code     0  startup_stm32f10x_md.o(.text)
    I2C2_ER_IRQHandler                       0x080014ef   Thumb Code     0  startup_stm32f10x_md.o(.text)
    I2C2_EV_IRQHandler                       0x080014ef   Thumb Code     0  startup_stm32f10x_md.o(.text)
    PVD_IRQHandler                           0x080014ef   Thumb Code     0  startup_stm32f10x_md.o(.text)
    RCC_IRQHandler                           0x080014ef   Thumb Code     0  startup_stm32f10x_md.o(.text)
    RTCAlarm_IRQHandler                      0x080014ef   Thumb Code     0  startup_stm32f10x_md.o(.text)
    RTC_IRQHandler                           0x080014ef   Thumb Code     0  startup_stm32f10x_md.o(.text)
    SPI1_IRQHandler                          0x080014ef   Thumb Code     0  startup_stm32f10x_md.o(.text)
    SPI2_IRQHandler                          0x080014ef   Thumb Code     0  startup_stm32f10x_md.o(.text)
    TAMPER_IRQHandler                        0x080014ef   Thumb Code     0  startup_stm32f10x_md.o(.text)
    TIM1_BRK_IRQHandler                      0x080014ef   Thumb Code     0  startup_stm32f10x_md.o(.text)
    TIM1_CC_IRQHandler                       0x080014ef   Thumb Code     0  startup_stm32f10x_md.o(.text)
    TIM1_TRG_COM_IRQHandler                  0x080014ef   Thumb Code     0  startup_stm32f10x_md.o(.text)
    TIM1_UP_IRQHandler                       0x080014ef   Thumb Code     0  startup_stm32f10x_md.o(.text)
    TIM2_IRQHandler                          0x080014ef   Thumb Code     0  startup_stm32f10x_md.o(.text)
    TIM4_IRQHandler                          0x080014ef   Thumb Code     0  startup_stm32f10x_md.o(.text)
    USART2_IRQHandler                        0x080014ef   Thumb Code     0  startup_stm32f10x_md.o(.text)
    USART3_IRQHandler                        0x080014ef   Thumb Code     0  startup_stm32f10x_md.o(.text)
    USB_HP_CAN1_TX_IRQHandler                0x080014ef   Thumb Code     0  startup_stm32f10x_md.o(.text)
    WWDG_IRQHandler                          0x080014ef   Thumb Code     0  startup_stm32f10x_md.o(.text)
    __user_initial_stackheap                 0x080014f1   Thumb Code     0  startup_stm32f10x_md.o(.text)
    NVIC_PriorityGroupConfig                 0x08001515   Thumb Code    10  misc.o(.text)
    NVIC_Init                                0x0800151f   Thumb Code   100  misc.o(.text)
    NVIC_SetVectorTable                      0x08001583   Thumb Code    14  misc.o(.text)
    NVIC_SystemLPConfig                      0x08001591   Thumb Code    34  misc.o(.text)
    SysTick_CLKSourceConfig                  0x080015b3   Thumb Code    40  misc.o(.text)
    GPIO_DeInit                              0x080015f1   Thumb Code   172  stm32f10x_gpio.o(.text)
    GPIO_AFIODeInit                          0x0800169d   Thumb Code    20  stm32f10x_gpio.o(.text)
    GPIO_Init                                0x080016b1   Thumb Code   278  stm32f10x_gpio.o(.text)
    GPIO_StructInit                          0x080017c7   Thumb Code    16  stm32f10x_gpio.o(.text)
    GPIO_ReadInputDataBit                    0x080017d7   Thumb Code    18  stm32f10x_gpio.o(.text)
    GPIO_ReadInputData                       0x080017e9   Thumb Code     8  stm32f10x_gpio.o(.text)
    GPIO_ReadOutputDataBit                   0x080017f1   Thumb Code    18  stm32f10x_gpio.o(.text)
    GPIO_ReadOutputData                      0x08001803   Thumb Code     8  stm32f10x_gpio.o(.text)
    GPIO_SetBits                             0x0800180b   Thumb Code     4  stm32f10x_gpio.o(.text)
    GPIO_ResetBits                           0x0800180f   Thumb Code     4  stm32f10x_gpio.o(.text)
    GPIO_WriteBit                            0x08001813   Thumb Code    10  stm32f10x_gpio.o(.text)
    GPIO_Write                               0x0800181d   Thumb Code     4  stm32f10x_gpio.o(.text)
    GPIO_PinLockConfig                       0x08001821   Thumb Code    18  stm32f10x_gpio.o(.text)
    GPIO_EventOutputConfig                   0x08001833   Thumb Code    26  stm32f10x_gpio.o(.text)
    GPIO_EventOutputCmd                      0x0800184d   Thumb Code     6  stm32f10x_gpio.o(.text)
    GPIO_PinRemapConfig                      0x08001853   Thumb Code   138  stm32f10x_gpio.o(.text)
    GPIO_EXTILineConfig                      0x080018dd   Thumb Code    66  stm32f10x_gpio.o(.text)
    GPIO_ETH_MediaInterfaceConfig            0x0800191f   Thumb Code     8  stm32f10x_gpio.o(.text)
    RCC_DeInit                               0x0800194d   Thumb Code    64  stm32f10x_rcc.o(.text)
    RCC_HSEConfig                            0x0800198d   Thumb Code    70  stm32f10x_rcc.o(.text)
    RCC_GetFlagStatus                        0x080019d3   Thumb Code    56  stm32f10x_rcc.o(.text)
    RCC_WaitForHSEStartUp                    0x08001a0b   Thumb Code    56  stm32f10x_rcc.o(.text)
    RCC_AdjustHSICalibrationValue            0x08001a43   Thumb Code    20  stm32f10x_rcc.o(.text)
    RCC_HSICmd                               0x08001a57   Thumb Code     6  stm32f10x_rcc.o(.text)
    RCC_PLLConfig                            0x08001a5d   Thumb Code    24  stm32f10x_rcc.o(.text)
    RCC_PLLCmd                               0x08001a75   Thumb Code     6  stm32f10x_rcc.o(.text)
    RCC_SYSCLKConfig                         0x08001a7b   Thumb Code    18  stm32f10x_rcc.o(.text)
    RCC_GetSYSCLKSource                      0x08001a8d   Thumb Code    10  stm32f10x_rcc.o(.text)
    RCC_HCLKConfig                           0x08001a97   Thumb Code    18  stm32f10x_rcc.o(.text)
    RCC_PCLK1Config                          0x08001aa9   Thumb Code    18  stm32f10x_rcc.o(.text)
    RCC_PCLK2Config                          0x08001abb   Thumb Code    20  stm32f10x_rcc.o(.text)
    RCC_ITConfig                             0x08001acf   Thumb Code    26  stm32f10x_rcc.o(.text)
    RCC_USBCLKConfig                         0x08001ae9   Thumb Code     8  stm32f10x_rcc.o(.text)
    RCC_ADCCLKConfig                         0x08001af1   Thumb Code    18  stm32f10x_rcc.o(.text)
    RCC_LSEConfig                            0x08001b03   Thumb Code    50  stm32f10x_rcc.o(.text)
    RCC_LSICmd                               0x08001b35   Thumb Code     6  stm32f10x_rcc.o(.text)
    RCC_RTCCLKConfig                         0x08001b3b   Thumb Code    12  stm32f10x_rcc.o(.text)
    RCC_RTCCLKCmd                            0x08001b47   Thumb Code     8  stm32f10x_rcc.o(.text)
    RCC_GetClocksFreq                        0x08001b4f   Thumb Code   192  stm32f10x_rcc.o(.text)
    RCC_AHBPeriphClockCmd                    0x08001c0f   Thumb Code    26  stm32f10x_rcc.o(.text)
    RCC_APB2PeriphClockCmd                   0x08001c29   Thumb Code    26  stm32f10x_rcc.o(.text)
    RCC_APB1PeriphClockCmd                   0x08001c43   Thumb Code    26  stm32f10x_rcc.o(.text)
    RCC_APB2PeriphResetCmd                   0x08001c5d   Thumb Code    26  stm32f10x_rcc.o(.text)
    RCC_APB1PeriphResetCmd                   0x08001c77   Thumb Code    26  stm32f10x_rcc.o(.text)
    RCC_BackupResetCmd                       0x08001c91   Thumb Code     8  stm32f10x_rcc.o(.text)
    RCC_ClockSecuritySystemCmd               0x08001c99   Thumb Code     6  stm32f10x_rcc.o(.text)
    RCC_MCOConfig                            0x08001c9f   Thumb Code     6  stm32f10x_rcc.o(.text)
    RCC_ClearFlag                            0x08001ca5   Thumb Code    14  stm32f10x_rcc.o(.text)
    RCC_GetITStatus                          0x08001cb3   Thumb Code    20  stm32f10x_rcc.o(.text)
    RCC_ClearITPendingBit                    0x08001cc7   Thumb Code     6  stm32f10x_rcc.o(.text)
    USART_DeInit                             0x08001cf1   Thumb Code   134  stm32f10x_usart.o(.text)
    USART_Init                               0x08001d77   Thumb Code   210  stm32f10x_usart.o(.text)
    USART_StructInit                         0x08001e49   Thumb Code    24  stm32f10x_usart.o(.text)
    USART_ClockInit                          0x08001e61   Thumb Code    34  stm32f10x_usart.o(.text)
    USART_ClockStructInit                    0x08001e83   Thumb Code    12  stm32f10x_usart.o(.text)
    USART_Cmd                                0x08001e8f   Thumb Code    24  stm32f10x_usart.o(.text)
    USART_ITConfig                           0x08001ea7   Thumb Code    74  stm32f10x_usart.o(.text)
    USART_DMACmd                             0x08001ef1   Thumb Code    18  stm32f10x_usart.o(.text)
    USART_SetAddress                         0x08001f03   Thumb Code    18  stm32f10x_usart.o(.text)
    USART_WakeUpConfig                       0x08001f15   Thumb Code    18  stm32f10x_usart.o(.text)
    USART_ReceiverWakeUpCmd                  0x08001f27   Thumb Code    24  stm32f10x_usart.o(.text)
    USART_LINBreakDetectLengthConfig         0x08001f3f   Thumb Code    18  stm32f10x_usart.o(.text)
    USART_LINCmd                             0x08001f51   Thumb Code    24  stm32f10x_usart.o(.text)
    USART_SendData                           0x08001f69   Thumb Code     8  stm32f10x_usart.o(.text)
    USART_ReceiveData                        0x08001f71   Thumb Code    10  stm32f10x_usart.o(.text)
    USART_SendBreak                          0x08001f7b   Thumb Code    10  stm32f10x_usart.o(.text)
    USART_SetGuardTime                       0x08001f85   Thumb Code    16  stm32f10x_usart.o(.text)
    USART_SetPrescaler                       0x08001f95   Thumb Code    16  stm32f10x_usart.o(.text)
    USART_SmartCardCmd                       0x08001fa5   Thumb Code    24  stm32f10x_usart.o(.text)
    USART_SmartCardNACKCmd                   0x08001fbd   Thumb Code    24  stm32f10x_usart.o(.text)
    USART_HalfDuplexCmd                      0x08001fd5   Thumb Code    24  stm32f10x_usart.o(.text)
    USART_OverSampling8Cmd                   0x08001fed   Thumb Code    22  stm32f10x_usart.o(.text)
    USART_OneBitMethodCmd                    0x08002003   Thumb Code    24  stm32f10x_usart.o(.text)
    USART_IrDAConfig                         0x0800201b   Thumb Code    18  stm32f10x_usart.o(.text)
    USART_IrDACmd                            0x0800202d   Thumb Code    24  stm32f10x_usart.o(.text)
    USART_GetFlagStatus                      0x08002045   Thumb Code    26  stm32f10x_usart.o(.text)
    USART_ClearFlag                          0x0800205f   Thumb Code    18  stm32f10x_usart.o(.text)
    USART_GetITStatus                        0x08002071   Thumb Code    84  stm32f10x_usart.o(.text)
    USART_ClearITPendingBit                  0x080020c5   Thumb Code    52  stm32f10x_usart.o(.text)
    EXTI_DeInit                              0x080020f9   Thumb Code    28  stm32f10x_exti.o(.text)
    EXTI_Init                                0x08002115   Thumb Code   142  stm32f10x_exti.o(.text)
    EXTI_StructInit                          0x080021a3   Thumb Code    16  stm32f10x_exti.o(.text)
    EXTI_GenerateSWInterrupt                 0x080021b3   Thumb Code    16  stm32f10x_exti.o(.text)
    EXTI_GetFlagStatus                       0x080021c3   Thumb Code    22  stm32f10x_exti.o(.text)
    EXTI_ClearFlag                           0x080021d9   Thumb Code     8  stm32f10x_exti.o(.text)
    EXTI_GetITStatus                         0x080021e1   Thumb Code    34  stm32f10x_exti.o(.text)
    EXTI_ClearITPendingBit                   0x08002203   Thumb Code     8  stm32f10x_exti.o(.text)
    SPI_I2S_DeInit                           0x08002215   Thumb Code    76  stm32f10x_spi.o(.text)
    SPI_Init                                 0x08002261   Thumb Code    60  stm32f10x_spi.o(.text)
    I2S_Init                                 0x0800229d   Thumb Code   226  stm32f10x_spi.o(.text)
    SPI_StructInit                           0x0800237f   Thumb Code    24  stm32f10x_spi.o(.text)
    I2S_StructInit                           0x08002397   Thumb Code    20  stm32f10x_spi.o(.text)
    SPI_Cmd                                  0x080023ab   Thumb Code    24  stm32f10x_spi.o(.text)
    I2S_Cmd                                  0x080023c3   Thumb Code    24  stm32f10x_spi.o(.text)
    SPI_I2S_ITConfig                         0x080023db   Thumb Code    32  stm32f10x_spi.o(.text)
    SPI_I2S_DMACmd                           0x080023fb   Thumb Code    18  stm32f10x_spi.o(.text)
    SPI_I2S_SendData                         0x0800240d   Thumb Code     4  stm32f10x_spi.o(.text)
    SPI_I2S_ReceiveData                      0x08002411   Thumb Code     6  stm32f10x_spi.o(.text)
    SPI_NSSInternalSoftwareConfig            0x08002417   Thumb Code    30  stm32f10x_spi.o(.text)
    SPI_SSOutputCmd                          0x08002435   Thumb Code    24  stm32f10x_spi.o(.text)
    SPI_DataSizeConfig                       0x0800244d   Thumb Code    18  stm32f10x_spi.o(.text)
    SPI_TransmitCRC                          0x0800245f   Thumb Code    10  stm32f10x_spi.o(.text)
    SPI_CalculateCRC                         0x08002469   Thumb Code    24  stm32f10x_spi.o(.text)
    SPI_GetCRC                               0x08002481   Thumb Code    16  stm32f10x_spi.o(.text)
    SPI_GetCRCPolynomial                     0x08002491   Thumb Code     6  stm32f10x_spi.o(.text)
    SPI_BiDirectionalLineConfig              0x08002497   Thumb Code    28  stm32f10x_spi.o(.text)
    SPI_I2S_GetFlagStatus                    0x080024b3   Thumb Code    18  stm32f10x_spi.o(.text)
    SPI_I2S_ClearFlag                        0x080024c5   Thumb Code     6  stm32f10x_spi.o(.text)
    SPI_I2S_GetITStatus                      0x080024cb   Thumb Code    52  stm32f10x_spi.o(.text)
    SPI_I2S_ClearITPendingBit                0x080024ff   Thumb Code    20  stm32f10x_spi.o(.text)
    TIM_DeInit                               0x08002521   Thumb Code   424  stm32f10x_tim.o(.text)
    TIM_TimeBaseInit                         0x080026c9   Thumb Code   122  stm32f10x_tim.o(.text)
    TIM_OC1Init                              0x08002743   Thumb Code   132  stm32f10x_tim.o(.text)
    TIM_OC2Init                              0x080027c7   Thumb Code   154  stm32f10x_tim.o(.text)
    TIM_OC3Init                              0x08002861   Thumb Code   150  stm32f10x_tim.o(.text)
    TIM_OC4Init                              0x080028f7   Thumb Code   182  stm32f10x_tim.o(.text)
    TIM_SetIC4Prescaler                      0x080029ad   Thumb Code    26  stm32f10x_tim.o(.text)
    TIM_SetIC3Prescaler                      0x08002a49   Thumb Code    18  stm32f10x_tim.o(.text)
    TIM_SetIC2Prescaler                      0x08002ad5   Thumb Code    26  stm32f10x_tim.o(.text)
    TIM_SetIC1Prescaler                      0x08002b71   Thumb Code    18  stm32f10x_tim.o(.text)
    TIM_ICInit                               0x08002bef   Thumb Code   150  stm32f10x_tim.o(.text)
    TIM_PWMIConfig                           0x08002c85   Thumb Code   124  stm32f10x_tim.o(.text)
    TIM_BDTRConfig                           0x08002d01   Thumb Code    32  stm32f10x_tim.o(.text)
    TIM_TimeBaseStructInit                   0x08002d21   Thumb Code    18  stm32f10x_tim.o(.text)
    TIM_OCStructInit                         0x08002d33   Thumb Code    20  stm32f10x_tim.o(.text)
    TIM_ICStructInit                         0x08002d47   Thumb Code    18  stm32f10x_tim.o(.text)
    TIM_BDTRStructInit                       0x08002d59   Thumb Code    40  stm32f10x_tim.o(.text)
    TIM_Cmd                                  0x08002d81   Thumb Code    24  stm32f10x_tim.o(.text)
    TIM_CtrlPWMOutputs                       0x08002d99   Thumb Code    30  stm32f10x_tim.o(.text)
    TIM_ITConfig                             0x08002db7   Thumb Code    18  stm32f10x_tim.o(.text)
    TIM_GenerateEvent                        0x08002dc9   Thumb Code     4  stm32f10x_tim.o(.text)
    TIM_DMAConfig                            0x08002dcd   Thumb Code    10  stm32f10x_tim.o(.text)
    TIM_DMACmd                               0x08002dd7   Thumb Code    18  stm32f10x_tim.o(.text)
    TIM_InternalClockConfig                  0x08002de9   Thumb Code    12  stm32f10x_tim.o(.text)
    TIM_SelectInputTrigger                   0x08002df5   Thumb Code    18  stm32f10x_tim.o(.text)
    TIM_ITRxExternalClockConfig              0x08002e07   Thumb Code    24  stm32f10x_tim.o(.text)
    TIM_TIxExternalClockConfig               0x08002e1f   Thumb Code    62  stm32f10x_tim.o(.text)
    TIM_ETRConfig                            0x08002e5d   Thumb Code    28  stm32f10x_tim.o(.text)
    TIM_ETRClockMode1Config                  0x08002e79   Thumb Code    54  stm32f10x_tim.o(.text)
    TIM_ETRClockMode2Config                  0x08002eaf   Thumb Code    32  stm32f10x_tim.o(.text)
    TIM_PrescalerConfig                      0x08002ecf   Thumb Code     6  stm32f10x_tim.o(.text)
    TIM_CounterModeConfig                    0x08002ed5   Thumb Code    18  stm32f10x_tim.o(.text)
    TIM_EncoderInterfaceConfig               0x08002ee7   Thumb Code    66  stm32f10x_tim.o(.text)
    TIM_ForcedOC1Config                      0x08002f29   Thumb Code    18  stm32f10x_tim.o(.text)
    TIM_ForcedOC2Config                      0x08002f3b   Thumb Code    26  stm32f10x_tim.o(.text)
    TIM_ForcedOC3Config                      0x08002f55   Thumb Code    18  stm32f10x_tim.o(.text)
    TIM_ForcedOC4Config                      0x08002f67   Thumb Code    26  stm32f10x_tim.o(.text)
    TIM_ARRPreloadConfig                     0x08002f81   Thumb Code    24  stm32f10x_tim.o(.text)
    TIM_SelectCOM                            0x08002f99   Thumb Code    24  stm32f10x_tim.o(.text)
    TIM_SelectCCDMA                          0x08002fb1   Thumb Code    24  stm32f10x_tim.o(.text)
    TIM_CCPreloadControl                     0x08002fc9   Thumb Code    24  stm32f10x_tim.o(.text)
    TIM_OC1PreloadConfig                     0x08002fe1   Thumb Code    18  stm32f10x_tim.o(.text)
    TIM_OC2PreloadConfig                     0x08002ff3   Thumb Code    26  stm32f10x_tim.o(.text)
    TIM_OC3PreloadConfig                     0x0800300d   Thumb Code    18  stm32f10x_tim.o(.text)
    TIM_OC4PreloadConfig                     0x0800301f   Thumb Code    26  stm32f10x_tim.o(.text)
    TIM_OC1FastConfig                        0x08003039   Thumb Code    18  stm32f10x_tim.o(.text)
    TIM_OC2FastConfig                        0x0800304b   Thumb Code    26  stm32f10x_tim.o(.text)
    TIM_OC3FastConfig                        0x08003065   Thumb Code    18  stm32f10x_tim.o(.text)
    TIM_OC4FastConfig                        0x08003077   Thumb Code    26  stm32f10x_tim.o(.text)
    TIM_ClearOC1Ref                          0x08003091   Thumb Code    18  stm32f10x_tim.o(.text)
    TIM_ClearOC2Ref                          0x080030a3   Thumb Code    24  stm32f10x_tim.o(.text)
    TIM_ClearOC3Ref                          0x080030bb   Thumb Code    18  stm32f10x_tim.o(.text)
    TIM_ClearOC4Ref                          0x080030cd   Thumb Code    24  stm32f10x_tim.o(.text)
    TIM_OC1PolarityConfig                    0x080030e5   Thumb Code    18  stm32f10x_tim.o(.text)
    TIM_OC1NPolarityConfig                   0x080030f7   Thumb Code    18  stm32f10x_tim.o(.text)
    TIM_OC2PolarityConfig                    0x08003109   Thumb Code    26  stm32f10x_tim.o(.text)
    TIM_OC2NPolarityConfig                   0x08003123   Thumb Code    26  stm32f10x_tim.o(.text)
    TIM_OC3PolarityConfig                    0x0800313d   Thumb Code    26  stm32f10x_tim.o(.text)
    TIM_OC3NPolarityConfig                   0x08003157   Thumb Code    26  stm32f10x_tim.o(.text)
    TIM_OC4PolarityConfig                    0x08003171   Thumb Code    26  stm32f10x_tim.o(.text)
    TIM_CCxCmd                               0x0800318b   Thumb Code    30  stm32f10x_tim.o(.text)
    TIM_CCxNCmd                              0x080031a9   Thumb Code    30  stm32f10x_tim.o(.text)
    TIM_SelectOCxM                           0x080031c7   Thumb Code    82  stm32f10x_tim.o(.text)
    TIM_UpdateDisableConfig                  0x08003219   Thumb Code    24  stm32f10x_tim.o(.text)
    TIM_UpdateRequestConfig                  0x08003231   Thumb Code    24  stm32f10x_tim.o(.text)
    TIM_SelectHallSensor                     0x08003249   Thumb Code    24  stm32f10x_tim.o(.text)
    TIM_SelectOnePulseMode                   0x08003261   Thumb Code    18  stm32f10x_tim.o(.text)
    TIM_SelectOutputTrigger                  0x08003273   Thumb Code    18  stm32f10x_tim.o(.text)
    TIM_SelectSlaveMode                      0x08003285   Thumb Code    18  stm32f10x_tim.o(.text)
    TIM_SelectMasterSlaveMode                0x08003297   Thumb Code    18  stm32f10x_tim.o(.text)
    TIM_SetCounter                           0x080032a9   Thumb Code     4  stm32f10x_tim.o(.text)
    TIM_SetAutoreload                        0x080032ad   Thumb Code     4  stm32f10x_tim.o(.text)
    TIM_SetCompare1                          0x080032b1   Thumb Code     4  stm32f10x_tim.o(.text)
    TIM_SetCompare2                          0x080032b5   Thumb Code     4  stm32f10x_tim.o(.text)
    TIM_SetCompare3                          0x080032b9   Thumb Code     4  stm32f10x_tim.o(.text)
    TIM_SetCompare4                          0x080032bd   Thumb Code     6  stm32f10x_tim.o(.text)
    TIM_SetClockDivision                     0x080032c3   Thumb Code    18  stm32f10x_tim.o(.text)
    TIM_GetCapture1                          0x080032d5   Thumb Code     6  stm32f10x_tim.o(.text)
    TIM_GetCapture2                          0x080032db   Thumb Code     6  stm32f10x_tim.o(.text)
    TIM_GetCapture3                          0x080032e1   Thumb Code     6  stm32f10x_tim.o(.text)
    TIM_GetCapture4                          0x080032e7   Thumb Code     8  stm32f10x_tim.o(.text)
    TIM_GetCounter                           0x080032ef   Thumb Code     6  stm32f10x_tim.o(.text)
    TIM_GetPrescaler                         0x080032f5   Thumb Code     6  stm32f10x_tim.o(.text)
    TIM_GetFlagStatus                        0x080032fb   Thumb Code    18  stm32f10x_tim.o(.text)
    TIM_ClearFlag                            0x0800330d   Thumb Code     6  stm32f10x_tim.o(.text)
    TIM_GetITStatus                          0x08003313   Thumb Code    34  stm32f10x_tim.o(.text)
    TIM_ClearITPendingBit                    0x08003335   Thumb Code     6  stm32f10x_tim.o(.text)
    Standard_GetConfiguration                0x0800333d   Thumb Code    34  usb_core.o(.text)
    Standard_SetConfiguration                0x0800335f   Thumb Code    60  usb_core.o(.text)
    Standard_GetInterface                    0x0800339b   Thumb Code    34  usb_core.o(.text)
    Standard_SetInterface                    0x080033bd   Thumb Code    96  usb_core.o(.text)
    Standard_GetStatus                       0x0800341d   Thumb Code   224  usb_core.o(.text)
    Standard_ClearFeature                    0x080034fd   Thumb Code   326  usb_core.o(.text)
    Standard_SetEndPointFeature              0x08003643   Thumb Code   176  usb_core.o(.text)
    Standard_SetDeviceFeature                0x080036f3   Thumb Code    30  usb_core.o(.text)
    Standard_GetDescriptorData               0x08003711   Thumb Code    62  usb_core.o(.text)
    Post0_Process                            0x08003c6d   Thumb Code    54  usb_core.o(.text)
    Setup0_Process                           0x08003ca3   Thumb Code   162  usb_core.o(.text)
    SetDeviceAddress                         0x08003d45   Thumb Code    64  usb_core.o(.text)
    In0_Process                              0x08003d85   Thumb Code    98  usb_core.o(.text)
    Out0_Process                             0x08003de7   Thumb Code    70  usb_core.o(.text)
    NOP_Process                              0x08003e2d   Thumb Code     2  usb_core.o(.text)
    CTR_LP                                   0x08003e5d   Thumb Code   774  usb_int.o(.text)
    CTR_HP                                   0x08004163   Thumb Code   174  usb_int.o(.text)
    UserToPMABufferCopy                      0x08004231   Thumb Code    52  usb_mem.o(.text)
    PMAToUserBufferCopy                      0x08004265   Thumb Code    34  usb_mem.o(.text)
    SetCNTR                                  0x0800428d   Thumb Code     6  usb_regs.o(.text)
    GetCNTR                                  0x08004293   Thumb Code     8  usb_regs.o(.text)
    SetISTR                                  0x0800429b   Thumb Code     8  usb_regs.o(.text)
    GetISTR                                  0x080042a3   Thumb Code    10  usb_regs.o(.text)
    GetFNR                                   0x080042ad   Thumb Code    10  usb_regs.o(.text)
    SetDADDR                                 0x080042b7   Thumb Code     8  usb_regs.o(.text)
    GetDADDR                                 0x080042bf   Thumb Code    10  usb_regs.o(.text)
    SetBTABLE                                0x080042c9   Thumb Code    14  usb_regs.o(.text)
    GetBTABLE                                0x080042d7   Thumb Code    10  usb_regs.o(.text)
    SetENDPOINT                              0x080042e1   Thumb Code    12  usb_regs.o(.text)
    GetENDPOINT                              0x080042ed   Thumb Code    16  usb_regs.o(.text)
    SetEPType                                0x080042fd   Thumb Code    32  usb_regs.o(.text)
    GetEPType                                0x0800431d   Thumb Code    18  usb_regs.o(.text)
    SetEPTxStatus                            0x0800432f   Thumb Code    52  usb_regs.o(.text)
    SetEPRxStatus                            0x08004363   Thumb Code    52  usb_regs.o(.text)
    SetDouBleBuffEPStall                     0x08004397   Thumb Code    54  usb_regs.o(.text)
    GetEPTxStatus                            0x080043cd   Thumb Code    18  usb_regs.o(.text)
    GetEPRxStatus                            0x080043df   Thumb Code    18  usb_regs.o(.text)
    SetEPTxValid                             0x080043f1   Thumb Code    38  usb_regs.o(.text)
    SetEPRxValid                             0x08004417   Thumb Code    38  usb_regs.o(.text)
    SetEP_KIND                               0x0800443d   Thumb Code    32  usb_regs.o(.text)
    ClearEP_KIND                             0x0800445d   Thumb Code    28  usb_regs.o(.text)
    Clear_Status_Out                         0x08004479   Thumb Code    28  usb_regs.o(.text)
    Set_Status_Out                           0x08004495   Thumb Code    32  usb_regs.o(.text)
    SetEPDoubleBuff                          0x080044b5   Thumb Code    32  usb_regs.o(.text)
    ClearEPDoubleBuff                        0x080044d5   Thumb Code    28  usb_regs.o(.text)
    GetTxStallStatus                         0x080044f1   Thumb Code    28  usb_regs.o(.text)
    GetRxStallStatus                         0x0800450d   Thumb Code    30  usb_regs.o(.text)
    ClearEP_CTR_RX                           0x0800452b   Thumb Code    32  usb_regs.o(.text)
    ClearEP_CTR_TX                           0x0800454b   Thumb Code    28  usb_regs.o(.text)
    ToggleDTOG_RX                            0x08004567   Thumb Code    32  usb_regs.o(.text)
    ToggleDTOG_TX                            0x08004587   Thumb Code    32  usb_regs.o(.text)
    ClearDTOG_RX                             0x080045a7   Thumb Code    46  usb_regs.o(.text)
    ClearDTOG_TX                             0x080045d5   Thumb Code    46  usb_regs.o(.text)
    SetEPAddress                             0x08004603   Thumb Code    32  usb_regs.o(.text)
    GetEPAddress                             0x08004623   Thumb Code    18  usb_regs.o(.text)
    SetEPTxAddr                              0x08004635   Thumb Code    26  usb_regs.o(.text)
    SetEPRxAddr                              0x0800464f   Thumb Code    42  usb_regs.o(.text)
    GetEPTxAddr                              0x08004679   Thumb Code    22  usb_regs.o(.text)
    GetEPRxAddr                              0x0800468f   Thumb Code    24  usb_regs.o(.text)
    SetEPTxCount                             0x080046a7   Thumb Code    20  usb_regs.o(.text)
    SetEPCountRxReg                          0x080046bb   Thumb Code    48  usb_regs.o(.text)
    SetEPRxCount                             0x080046eb   Thumb Code    68  usb_regs.o(.text)
    GetEPTxCount                             0x0800472f   Thumb Code    26  usb_regs.o(.text)
    GetEPRxCount                             0x08004749   Thumb Code    26  usb_regs.o(.text)
    SetEPDblBuffAddr                         0x08004763   Thumb Code    44  usb_regs.o(.text)
    SetEPDblBuf0Addr                         0x0800478f   Thumb Code    24  usb_regs.o(.text)
    SetEPDblBuf1Addr                         0x080047a7   Thumb Code    26  usb_regs.o(.text)
    GetEPDblBuf0Addr                         0x080047c1   Thumb Code    22  usb_regs.o(.text)
    GetEPDblBuf1Addr                         0x080047d7   Thumb Code    24  usb_regs.o(.text)
    SetEPDblBuffCount                        0x080047ef   Thumb Code   186  usb_regs.o(.text)
    SetEPDblBuf0Count                        0x080048a9   Thumb Code    96  usb_regs.o(.text)
    SetEPDblBuf1Count                        0x08004909   Thumb Code    96  usb_regs.o(.text)
    GetEPDblBuf0Count                        0x08004969   Thumb Code    26  usb_regs.o(.text)
    GetEPDblBuf1Count                        0x08004983   Thumb Code    26  usb_regs.o(.text)
    GetEPDblBufDir                           0x0800499d   Thumb Code    62  usb_regs.o(.text)
    FreeUserBuffer                           0x080049db   Thumb Code    74  usb_regs.o(.text)
    ToWord                                   0x08004a25   Thumb Code     8  usb_regs.o(.text)
    ByteSwap                                 0x08004a2d   Thumb Code    12  usb_regs.o(.text)
    Set_USBClock                             0x08004a45   Thumb Code    18  hw_config.o(.text)
    Enter_LowPowerMode                       0x08004a57   Thumb Code     8  hw_config.o(.text)
    Leave_LowPowerMode                       0x08004a5f   Thumb Code    22  hw_config.o(.text)
    USB_Interrupts_Config                    0x08004a75   Thumb Code    92  hw_config.o(.text)
    Joystick_Send                            0x08004ad1   Thumb Code    60  hw_config.o(.text)
    Get_SerialNum                            0x08004b0d   Thumb Code    62  hw_config.o(.text)
    USB_Istr                                 0x08004b5d   Thumb Code   222  usb_istr.o(.text)
    Joystick_init                            0x08004c55   Thumb Code    50  usb_prop.o(.text)
    Joystick_Reset                           0x08004c87   Thumb Code   148  usb_prop.o(.text)
    Joystick_SetConfiguration                0x08004d1b   Thumb Code    14  usb_prop.o(.text)
    Joystick_SetDeviceAddress                0x08004d29   Thumb Code     8  usb_prop.o(.text)
    Joystick_Status_In                       0x08004d31   Thumb Code     2  usb_prop.o(.text)
    Joystick_Status_Out                      0x08004d33   Thumb Code     2  usb_prop.o(.text)
    Joystick_GetProtocolValue                0x08004d35   Thumb Code    20  usb_prop.o(.text)
    Joystick_GetHIDDescriptor                0x08004d49   Thumb Code    14  usb_prop.o(.text)
    Joystick_GetReportDescriptor             0x08004d57   Thumb Code    14  usb_prop.o(.text)
    Joystick_Data_Setup                      0x08004d65   Thumb Code   114  usb_prop.o(.text)
    Joystick_SetProtocol                     0x08004dd7   Thumb Code    14  usb_prop.o(.text)
    Joystick_NoData_Setup                    0x08004de5   Thumb Code    32  usb_prop.o(.text)
    Joystick_GetDeviceDescriptor             0x08004e05   Thumb Code    14  usb_prop.o(.text)
    Joystick_GetConfigDescriptor             0x08004e13   Thumb Code    14  usb_prop.o(.text)
    Joystick_GetStringDescriptor             0x08004e21   Thumb Code    32  usb_prop.o(.text)
    Joystick_Get_Interface_Setting           0x08004e41   Thumb Code    22  usb_prop.o(.text)
    PowerOn                                  0x08004e8d   Thumb Code    46  usb_pwr.o(.text)
    PowerOff                                 0x08004ebb   Thumb Code    22  usb_pwr.o(.text)
    Suspend                                  0x08004ed1   Thumb Code    34  usb_pwr.o(.text)
    Resume_Init                              0x08004ef3   Thumb Code    30  usb_pwr.o(.text)
    Resume                                   0x08004f11   Thumb Code   168  usb_pwr.o(.text)
    dmp_load_motion_driver_firmware          0x08004fc5   Thumb Code    20  anbt_dmp_driver.o(.text)
    dmp_set_orientation                      0x08004fd9   Thumb Code   290  anbt_dmp_driver.o(.text)
    dmp_set_gyro_bias                        0x080050fb   Thumb Code   294  anbt_dmp_driver.o(.text)
    dmp_set_accel_bias                       0x08005221   Thumb Code   300  anbt_dmp_driver.o(.text)
    dmp_set_fifo_rate                        0x0800534d   Thumb Code   136  anbt_dmp_driver.o(.text)
    dmp_get_fifo_rate                        0x080053d5   Thumb Code    12  anbt_dmp_driver.o(.text)
    dmp_set_tap_thresh                       0x080053e1   Thumb Code   396  anbt_dmp_driver.o(.text)
    dmp_set_tap_axes                         0x0800556d   Thumb Code    70  anbt_dmp_driver.o(.text)
    dmp_set_tap_count                        0x080055b3   Thumb Code    38  anbt_dmp_driver.o(.text)
    dmp_set_tap_time                         0x080055d9   Thumb Code    38  anbt_dmp_driver.o(.text)
    dmp_set_tap_time_multi                   0x080055ff   Thumb Code    38  anbt_dmp_driver.o(.text)
    dmp_set_shake_reject_thresh              0x08005625   Thumb Code    56  anbt_dmp_driver.o(.text)
    dmp_set_shake_reject_time                0x0800565d   Thumb Code    38  anbt_dmp_driver.o(.text)
    dmp_set_shake_reject_timeout             0x08005683   Thumb Code    38  anbt_dmp_driver.o(.text)
    dmp_get_pedometer_step_count             0x080056a9   Thumb Code    66  anbt_dmp_driver.o(.text)
    dmp_set_pedometer_step_count             0x080056eb   Thumb Code    42  anbt_dmp_driver.o(.text)
    dmp_get_pedometer_walk_time              0x08005715   Thumb Code    72  anbt_dmp_driver.o(.text)
    dmp_set_pedometer_walk_time              0x0800575d   Thumb Code    48  anbt_dmp_driver.o(.text)
    dmp_enable_6x_lp_quat                    0x0800578d   Thumb Code    84  anbt_dmp_driver.o(.text)
    dmp_enable_lp_quat                       0x080057e1   Thumb Code    60  anbt_dmp_driver.o(.text)
    dmp_enable_gyro_cal                      0x0800581d   Thumb Code    62  anbt_dmp_driver.o(.text)
    dmp_enable_feature                       0x0800585b   Thumb Code   530  anbt_dmp_driver.o(.text)
    dmp_get_enabled_features                 0x08005a6d   Thumb Code    12  anbt_dmp_driver.o(.text)
    dmp_set_interrupt_mode                   0x08005ad7   Thumb Code    66  anbt_dmp_driver.o(.text)
    dmp_read_fifo                            0x08005b19   Thumb Code   508  anbt_dmp_driver.o(.text)
    dmp_register_tap_cb                      0x08005d15   Thumb Code    10  anbt_dmp_driver.o(.text)
    dmp_register_android_orient_cb           0x08005d1f   Thumb Code    10  anbt_dmp_driver.o(.text)
    mpu_set_gyro_fsr                         0x08005d2d   Thumb Code   132  anbt_dmp_mpu6050.o(.text)
    mpu_set_accel_fsr                        0x08005db1   Thumb Code   126  anbt_dmp_mpu6050.o(.text)
    mpu_set_lpf                              0x08005e2f   Thumb Code   126  anbt_dmp_mpu6050.o(.text)
    mpu_set_int_latched                      0x08005ead   Thumb Code   102  anbt_dmp_mpu6050.o(.text)
    mpu_reset_fifo                           0x08005f9d   Thumb Code   454  anbt_dmp_mpu6050.o(.text)
    mpu_configure_fifo                       0x08006163   Thumb Code   106  anbt_dmp_mpu6050.o(.text)
    mpu_lp_accel_mode                        0x080061cd   Thumb Code   218  anbt_dmp_mpu6050.o(.text)
    mpu_set_sample_rate                      0x080062a7   Thumb Code   152  anbt_dmp_mpu6050.o(.text)
    mpu_set_bypass                           0x0800633f   Thumb Code   328  anbt_dmp_mpu6050.o(.text)
    mpu_set_sensors                          0x08006487   Thumb Code   208  anbt_dmp_mpu6050.o(.text)
    mpu_set_dmp_state                        0x08006557   Thumb Code   138  anbt_dmp_mpu6050.o(.text)
    mpu_get_gyro_fsr                         0x080065e1   Thumb Code    64  anbt_dmp_mpu6050.o(.text)
    mpu_get_accel_fsr                        0x08006621   Thumb Code    72  anbt_dmp_mpu6050.o(.text)
    mpu_get_lpf                              0x08006669   Thumb Code    74  anbt_dmp_mpu6050.o(.text)
    mpu_get_sample_rate                      0x080066b3   Thumb Code    26  anbt_dmp_mpu6050.o(.text)
    mpu_get_fifo_config                      0x080066cd   Thumb Code    12  anbt_dmp_mpu6050.o(.text)
    mpu_get_gyro_sens                        0x08006be9   Thumb Code    58  anbt_dmp_mpu6050.o(.text)
    mpu_get_accel_sens                       0x08006c23   Thumb Code    78  anbt_dmp_mpu6050.o(.text)
    mpu_run_self_test                        0x08006e65   Thumb Code   278  anbt_dmp_mpu6050.o(.text)
    mpu_write_mem                            0x0800700b   Thumb Code   122  anbt_dmp_mpu6050.o(.text)
    mpu_read_mem                             0x08007085   Thumb Code   122  anbt_dmp_mpu6050.o(.text)
    mpu_read_fifo_stream                     0x080070ff   Thumb Code   202  anbt_dmp_mpu6050.o(.text)
    mpu_load_firmware                        0x080071c9   Thumb Code   180  anbt_dmp_mpu6050.o(.text)
    AnBT_DMP_MPU6050_DEV_CFG                 0x080072f3   Thumb Code   410  anbt_dmp_mpu6050.o(.text)
    AnBT_DMP_MPU6050_Init                    0x0800748d   Thumb Code    68  anbt_dmp_mpu6050.o(.text)
    AnBT_DMP_MPU6050_SEND_DATA_FUN           0x080074d1   Thumb Code    24  anbt_dmp_mpu6050.o(.text)
    ANBT_I2C_Delay                           0x08007509   Thumb Code    10  anbt_i2c.o(.text)
    ANBT_I2C_Configuration                   0x08007513   Thumb Code    94  anbt_i2c.o(.text)
    ANBT_I2C_START                           0x08007571   Thumb Code   102  anbt_i2c.o(.text)
    ANBT_I2C_STOP                            0x080075d7   Thumb Code    52  anbt_i2c.o(.text)
    ANBT_I2C_SendACK                         0x0800760b   Thumb Code    52  anbt_i2c.o(.text)
    ANBT_I2C_SendNACK                        0x0800763f   Thumb Code    52  anbt_i2c.o(.text)
    ANBT_I2C_SendByte                        0x08007673   Thumb Code   168  anbt_i2c.o(.text)
    ANBT_I2C_ReceiveByte                     0x0800771b   Thumb Code    96  anbt_i2c.o(.text)
    ANBT_I2C_ReceiveByte_WithACK             0x0800777b   Thumb Code    96  anbt_i2c.o(.text)
    ANBT_I2C_Receive6Bytes                   0x080077db   Thumb Code   206  anbt_i2c.o(.text)
    ANBT_I2C_Receive12Bytes                  0x080078a9   Thumb Code   216  anbt_i2c.o(.text)
    ANBT_I2C_Receive14Bytes                  0x08007981   Thumb Code   206  anbt_i2c.o(.text)
    AnBT_DMP_Delay_us                        0x08007a4f   Thumb Code    26  anbt_i2c.o(.text)
    AnBT_DMP_Delay_ms                        0x08007a69   Thumb Code    24  anbt_i2c.o(.text)
    AnBT_DMP_I2C_Write                       0x08007a81   Thumb Code    64  anbt_i2c.o(.text)
    AnBT_DMP_I2C_Read                        0x08007ac1   Thumb Code    90  anbt_i2c.o(.text)
    __use_no_semihosting                     0x08007b21   Thumb Code     2  use_no_semi_2.o(.text)
    __aeabi_ldivmod                          0x08007b23   Thumb Code     0  llsdiv.o(.text)
    _ll_sdiv                                 0x08007b23   Thumb Code    72  llsdiv.o(.text)
    __2printf                                0x08007b6d   Thumb Code    20  noretval__2printf.o(.text)
    __printf                                 0x08007b85   Thumb Code   104  __printf.o(.text)
    _printf_int_dec                          0x08007bed   Thumb Code   104  _printf_dec.o(.text)
    memcmp                                   0x08007c65   Thumb Code    88  memcmp.o(.text)
    __aeabi_memset                           0x08007cbd   Thumb Code    16  aeabi_memset.o(.text)
    __use_two_region_memory                  0x08007ccd   Thumb Code     2  heapauxi.o(.text)
    __rt_heap_escrow$2region                 0x08007ccf   Thumb Code     2  heapauxi.o(.text)
    __rt_heap_expand$2region                 0x08007cd1   Thumb Code     2  heapauxi.o(.text)
    __I$use$semihosting                      0x08007cd3   Thumb Code     0  use_no_semi.o(.text)
    __use_no_semihosting_swi                 0x08007cd3   Thumb Code     2  use_no_semi.o(.text)
    __aeabi_uldivmod                         0x08007cd5   Thumb Code     0  lludivv7m.o(.text)
    _ll_udiv                                 0x08007cd5   Thumb Code   238  lludivv7m.o(.text)
    _printf_int_common                       0x08007dc3   Thumb Code   178  _printf_intcommon.o(.text)
    _printf_char_file                        0x08007e75   Thumb Code    32  _printf_char_file.o(.text)
    __aeabi_memclr                           0x08007e99   Thumb Code     0  rt_memclr.o(.text)
    __rt_memclr                              0x08007e99   Thumb Code    68  rt_memclr.o(.text)
    _memset                                  0x08007e9d   Thumb Code     0  rt_memclr.o(.text)
    _printf_char_common                      0x08007ee7   Thumb Code    32  _printf_char_common.o(.text)
    ferror                                   0x08007f0d   Thumb Code     8  ferror.o(.text)
    __aeabi_memclr4                          0x08007f15   Thumb Code     0  rt_memclr_w.o(.text)
    __aeabi_memclr8                          0x08007f15   Thumb Code     0  rt_memclr_w.o(.text)
    __rt_memclr_w                            0x08007f15   Thumb Code    78  rt_memclr_w.o(.text)
    _memset_w                                0x08007f19   Thumb Code     0  rt_memclr_w.o(.text)
    __user_setup_stackheap                   0x08007f63   Thumb Code    74  sys_stackheap_outer.o(.text)
    exit                                     0x08007fad   Thumb Code    18  exit.o(.text)
    __user_libspace                          0x08007fc1   Thumb Code     8  libspace.o(.text)
    __user_perproc_libspace                  0x08007fc1   Thumb Code     0  libspace.o(.text)
    __user_perthread_libspace                0x08007fc1   Thumb Code     0  libspace.o(.text)
    __aeabi_dadd                             0x08007fc9   Thumb Code     0  daddsub_clz.o(x$fpl$dadd)
    _dadd                                    0x08007fc9   Thumb Code   332  daddsub_clz.o(x$fpl$dadd)
    __fpl_dcmp_Inf                           0x08008119   Thumb Code    24  dcmpi.o(x$fpl$dcmpinf)
    __aeabi_ddiv                             0x08008131   Thumb Code     0  ddiv.o(x$fpl$ddiv)
    _ddiv                                    0x08008131   Thumb Code   552  ddiv.o(x$fpl$ddiv)
    __aeabi_d2iz                             0x080083e1   Thumb Code     0  dfix.o(x$fpl$dfix)
    _dfix                                    0x080083e1   Thumb Code    94  dfix.o(x$fpl$dfix)
    __aeabi_i2d                              0x0800843f   Thumb Code     0  dflt_clz.o(x$fpl$dflt)
    _dflt                                    0x0800843f   Thumb Code    46  dflt_clz.o(x$fpl$dflt)
    __aeabi_cdcmple                          0x0800846d   Thumb Code     0  dleqf.o(x$fpl$dleqf)
    _dcmple                                  0x0800846d   Thumb Code   120  dleqf.o(x$fpl$dleqf)
    __fpl_dcmple_InfNaN                      0x080084cf   Thumb Code     0  dleqf.o(x$fpl$dleqf)
    __fpl_dnaninf                            0x080084e5   Thumb Code   156  dnaninf.o(x$fpl$dnaninf)
    __fpl_dretinf                            0x08008581   Thumb Code    12  dretinf.o(x$fpl$dretinf)
    __aeabi_cdrcmple                         0x0800858d   Thumb Code     0  drleqf.o(x$fpl$drleqf)
    _drcmple                                 0x0800858d   Thumb Code   108  drleqf.o(x$fpl$drleqf)
    __aeabi_dsub                             0x080085f9   Thumb Code     0  daddsub_clz.o(x$fpl$dsub)
    _dsub                                    0x080085f9   Thumb Code   464  daddsub_clz.o(x$fpl$dsub)
    __aeabi_f2d                              0x080087cd   Thumb Code     0  f2d.o(x$fpl$f2d)
    _f2d                                     0x080087cd   Thumb Code    86  f2d.o(x$fpl$f2d)
    __aeabi_fadd                             0x08008825   Thumb Code     0  faddsub_clz.o(x$fpl$fadd)
    _fadd                                    0x08008825   Thumb Code   196  faddsub_clz.o(x$fpl$fadd)
    __fpl_fcmp_Inf                           0x080088e9   Thumb Code    24  fcmpi.o(x$fpl$fcmpinf)
    __aeabi_fdiv                             0x08008901   Thumb Code     0  fdiv.o(x$fpl$fdiv)
    _fdiv                                    0x08008901   Thumb Code   384  fdiv.o(x$fpl$fdiv)
    __aeabi_cfcmpeq                          0x08008a85   Thumb Code     0  feqf.o(x$fpl$feqf)
    _fcmpeq                                  0x08008a85   Thumb Code   104  feqf.o(x$fpl$feqf)
    __aeabi_f2iz                             0x08008aed   Thumb Code     0  ffix.o(x$fpl$ffix)
    _ffix                                    0x08008aed   Thumb Code    54  ffix.o(x$fpl$ffix)
    __aeabi_f2uiz                            0x08008b25   Thumb Code     0  ffixu.o(x$fpl$ffixu)
    _ffixu                                   0x08008b25   Thumb Code    62  ffixu.o(x$fpl$ffixu)
    __aeabi_i2f                              0x08008b65   Thumb Code     0  fflt_clz.o(x$fpl$fflt)
    _fflt                                    0x08008b65   Thumb Code    48  fflt_clz.o(x$fpl$fflt)
    __aeabi_ui2f                             0x08008b95   Thumb Code     0  fflt_clz.o(x$fpl$ffltu)
    _ffltu                                   0x08008b95   Thumb Code    38  fflt_clz.o(x$fpl$ffltu)
    __aeabi_cfcmple                          0x08008bbd   Thumb Code     0  fleqf.o(x$fpl$fleqf)
    _fcmple                                  0x08008bbd   Thumb Code   104  fleqf.o(x$fpl$fleqf)
    __fpl_fcmple_InfNaN                      0x08008c0f   Thumb Code     0  fleqf.o(x$fpl$fleqf)
    __aeabi_fmul                             0x08008c25   Thumb Code     0  fmul.o(x$fpl$fmul)
    _fmul                                    0x08008c25   Thumb Code   258  fmul.o(x$fpl$fmul)
    __fpl_fnaninf                            0x08008d27   Thumb Code   140  fnaninf.o(x$fpl$fnaninf)
    __fpl_fretinf                            0x08008db3   Thumb Code    10  fretinf.o(x$fpl$fretinf)
    __aeabi_cfrcmple                         0x08008dbd   Thumb Code     0  frleqf.o(x$fpl$frleqf)
    _frcmple                                 0x08008dbd   Thumb Code    98  frleqf.o(x$fpl$frleqf)
    __aeabi_fsub                             0x08008e21   Thumb Code     0  faddsub_clz.o(x$fpl$fsub)
    _fsub                                    0x08008e21   Thumb Code   234  faddsub_clz.o(x$fpl$fsub)
    TX_ADDRESS                               0x08008f0a   Data           5  24l01.o(.constdata)
    __I$use$fp                               0x08008f0a   Number         0  usenofp.o(x$fpl$usenofp)
    RX_ADDRESS                               0x08008f0f   Data           5  24l01.o(.constdata)
    Joystick_DeviceDescriptor                0x08008f14   Data          18  usb_desc.o(.constdata)
    Joystick_ConfigDescriptor                0x08008f26   Data          34  usb_desc.o(.constdata)
    Joystick_ReportDescriptor                0x08008f48   Data          74  usb_desc.o(.constdata)
    Joystick_StringLangID                    0x08008f92   Data           4  usb_desc.o(.constdata)
    Joystick_StringVendor                    0x08008f96   Data          26  usb_desc.o(.constdata)
    Joystick_StringProduct                   0x08008fb0   Data          34  usb_desc.o(.constdata)
    reg                                      0x08009bc8   Data          27  anbt_dmp_mpu6050.o(.constdata)
    hw                                       0x08009be4   Data          12  anbt_dmp_mpu6050.o(.constdata)
    test                                     0x08009bf0   Data          40  anbt_dmp_mpu6050.o(.constdata)
    Region$$Table$$Base                      0x08009c18   Number         0  anon$$obj.o(Region$$Table)
    Region$$Table$$Limit                     0x08009c38   Number         0  anon$$obj.o(Region$$Table)
    tmp_buf                                  0x20000009   Data           5  main.o(.data)
    tim_flag_before                          0x2000000e   Data           1  main.o(.data)
    tim_flag_next                            0x2000000f   Data           1  main.o(.data)
    SystemCoreClock                          0x20000010   Data           4  system_stm32f10x.o(.data)
    AHBPrescTable                            0x20000014   Data          16  system_stm32f10x.o(.data)
    ROLL_Value_Before                        0x20000024   Data           4  key.o(.data)
    Value_diff                               0x20000028   Data           4  key.o(.data)
    ROLL_Value_Now                           0x2000002c   Data           4  key.o(.data)
    ROLL_i                                   0x20000030   Data           1  key.o(.data)
    tim_flag                                 0x20000034   Data           1  smooth.o(.data)
    KEY_TIM3_time                            0x20000035   Data           1  smooth.o(.data)
    ROLL_TIM3_Temp                           0x20000036   Data           1  smooth.o(.data)
    ROLL_Allow_Flag                          0x20000037   Data           1  smooth.o(.data)
    ringBuff1                                0x20000038   Data           8  smooth.o(.data)
    __stdout                                 0x20000044   Data           4  usart.o(.data)
    USART_RX_STA                             0x20000048   Data           2  usart.o(.data)
    StatusInfo                               0x2000005e   Data           2  usb_core.o(.data)
    Data_Mul_MaxPacketSize                   0x20000060   Data           1  usb_core.o(.data)
    EPindex                                  0x20000064   Data           1  usb_init.o(.data)
    pInformation                             0x20000068   Data           4  usb_init.o(.data)
    pProperty                                0x2000006c   Data           4  usb_init.o(.data)
    SaveState                                0x20000070   Data           2  usb_init.o(.data)
    wInterrupt_Mask                          0x20000072   Data           2  usb_init.o(.data)
    pUser_Standard_Requests                  0x20000074   Data           4  usb_init.o(.data)
    SaveRState                               0x20000078   Data           2  usb_int.o(.data)
    SaveTState                               0x2000007a   Data           2  usb_int.o(.data)
    Joystick_StringSerial                    0x2000007c   Data          26  usb_desc.o(.data)
    wIstr                                    0x20000098   Data           2  usb_istr.o(.data)
    bIntPackSOF                              0x2000009a   Data           1  usb_istr.o(.data)
    pEpInt_IN                                0x2000009c   Data          28  usb_istr.o(.data)
    pEpInt_OUT                               0x200000b8   Data          28  usb_istr.o(.data)
    ProtocolValue                            0x200000d4   Data           4  usb_prop.o(.data)
    Device_Table                             0x200000d8   Data           2  usb_prop.o(.data)
    Device_Property                          0x200000dc   Data          48  usb_prop.o(.data)
    User_Standard_Requests                   0x2000010c   Data          36  usb_prop.o(.data)
    Device_Descriptor                        0x20000130   Data           8  usb_prop.o(.data)
    Config_Descriptor                        0x20000138   Data           8  usb_prop.o(.data)
    Joystick_Report_Descriptor               0x20000140   Data           8  usb_prop.o(.data)
    Mouse_Hid_Descriptor                     0x20000148   Data           8  usb_prop.o(.data)
    String_Descriptor                        0x20000150   Data          32  usb_prop.o(.data)
    bDeviceState                             0x20000170   Data           4  usb_pwr.o(.data)
    fSuspendEnabled                          0x20000174   Data           1  usb_pwr.o(.data)
    ResumeS                                  0x20000175   Data           2  usb_pwr.o(.data)
    gyro                                     0x20000182   Data           6  anbt_dmp_mpu6050.o(.data)
    accel                                    0x20000188   Data           6  anbt_dmp_mpu6050.o(.data)
    sensors                                  0x2000018e   Data           2  anbt_dmp_mpu6050.o(.data)
    more                                     0x20000190   Data           1  anbt_dmp_mpu6050.o(.data)
    sensor_timestamp                         0x20000194   Data           4  anbt_dmp_mpu6050.o(.data)
    TIM4_ICInitStructure                     0x200001c4   Data          10  key.o(.bss)
    USART_RX_BUF                             0x200001ce   Data         200  usart.o(.bss)
    Device_Info                              0x20000298   Data          28  usb_init.o(.bss)
    anbt_mpu6050_quat_data                   0x200002c4   Data          16  anbt_dmp_mpu6050.o(.bss)
    __libspace_start                         0x200002d4   Data          96  libspace.o(.bss)
    __temporary_stack_top$libspace           0x20000334   Data           0  libspace.o(.bss)



==============================================================================

Memory Map of the image

  Image Entry point : 0x080000ed

  Load Region LR_IROM1 (Base: 0x08000000, Size: 0x00009dfc, Max: 0x00010000, ABSOLUTE, COMPRESSED[0x00009ce4])

    Execution Region ER_IROM1 (Base: 0x08000000, Size: 0x00009c38, Max: 0x00010000, ABSOLUTE)

    Base Addr    Size         Type   Attr      Idx    E Section Name        Object

    0x08000000   0x000000ec   Data   RO          462    RESET               startup_stm32f10x_md.o
    0x080000ec   0x00000008   Code   RO         1020  * !!!main             c_w.l(__main.o)
    0x080000f4   0x00000034   Code   RO         1277    !!!scatter          c_w.l(__scatter.o)
    0x08000128   0x0000005a   Code   RO         1275    !!dczerorl2         c_w.l(__dczerorl2.o)
    0x08000182   0x00000002   PAD
    0x08000184   0x0000001c   Code   RO         1279    !!handler_zi        c_w.l(__scatter_zi.o)
    0x080001a0   0x00000000   Code   RO         1013    .ARM.Collect$$_printf_percent$$00000000  c_w.l(_printf_percent.o)
    0x080001a0   0x00000006   Code   RO         1012    .ARM.Collect$$_printf_percent$$00000009  c_w.l(_printf_d.o)
    0x080001a6   0x00000004   Code   RO         1087    .ARM.Collect$$_printf_percent$$00000017  c_w.l(_printf_percent_end.o)
    0x080001aa   0x00000002   Code   RO         1145    .ARM.Collect$$libinit$$00000000  c_w.l(libinit.o)
    0x080001ac   0x00000000   Code   RO         1156    .ARM.Collect$$libinit$$00000002  c_w.l(libinit2.o)
    0x080001ac   0x00000000   Code   RO         1158    .ARM.Collect$$libinit$$00000004  c_w.l(libinit2.o)
    0x080001ac   0x00000000   Code   RO         1161    .ARM.Collect$$libinit$$0000000A  c_w.l(libinit2.o)
    0x080001ac   0x00000000   Code   RO         1163    .ARM.Collect$$libinit$$0000000C  c_w.l(libinit2.o)
    0x080001ac   0x00000000   Code   RO         1165    .ARM.Collect$$libinit$$0000000E  c_w.l(libinit2.o)
    0x080001ac   0x00000000   Code   RO         1168    .ARM.Collect$$libinit$$00000011  c_w.l(libinit2.o)
    0x080001ac   0x00000000   Code   RO         1170    .ARM.Collect$$libinit$$00000013  c_w.l(libinit2.o)
    0x080001ac   0x00000000   Code   RO         1172    .ARM.Collect$$libinit$$00000015  c_w.l(libinit2.o)
    0x080001ac   0x00000000   Code   RO         1174    .ARM.Collect$$libinit$$00000017  c_w.l(libinit2.o)
    0x080001ac   0x00000000   Code   RO         1176    .ARM.Collect$$libinit$$00000019  c_w.l(libinit2.o)
    0x080001ac   0x00000000   Code   RO         1178    .ARM.Collect$$libinit$$0000001B  c_w.l(libinit2.o)
    0x080001ac   0x00000000   Code   RO         1180    .ARM.Collect$$libinit$$0000001D  c_w.l(libinit2.o)
    0x080001ac   0x00000000   Code   RO         1182    .ARM.Collect$$libinit$$0000001F  c_w.l(libinit2.o)
    0x080001ac   0x00000000   Code   RO         1184    .ARM.Collect$$libinit$$00000021  c_w.l(libinit2.o)
    0x080001ac   0x00000000   Code   RO         1186    .ARM.Collect$$libinit$$00000023  c_w.l(libinit2.o)
    0x080001ac   0x00000000   Code   RO         1188    .ARM.Collect$$libinit$$00000025  c_w.l(libinit2.o)
    0x080001ac   0x00000000   Code   RO         1192    .ARM.Collect$$libinit$$0000002C  c_w.l(libinit2.o)
    0x080001ac   0x00000000   Code   RO         1194    .ARM.Collect$$libinit$$0000002E  c_w.l(libinit2.o)
    0x080001ac   0x00000000   Code   RO         1196    .ARM.Collect$$libinit$$00000030  c_w.l(libinit2.o)
    0x080001ac   0x00000000   Code   RO         1198    .ARM.Collect$$libinit$$00000032  c_w.l(libinit2.o)
    0x080001ac   0x00000002   Code   RO         1199    .ARM.Collect$$libinit$$00000033  c_w.l(libinit2.o)
    0x080001ae   0x00000002   Code   RO         1227    .ARM.Collect$$libshutdown$$00000000  c_w.l(libshutdown.o)
    0x080001b0   0x00000000   Code   RO         1241    .ARM.Collect$$libshutdown$$00000002  c_w.l(libshutdown2.o)
    0x080001b0   0x00000000   Code   RO         1243    .ARM.Collect$$libshutdown$$00000004  c_w.l(libshutdown2.o)
    0x080001b0   0x00000000   Code   RO         1246    .ARM.Collect$$libshutdown$$00000007  c_w.l(libshutdown2.o)
    0x080001b0   0x00000000   Code   RO         1249    .ARM.Collect$$libshutdown$$0000000A  c_w.l(libshutdown2.o)
    0x080001b0   0x00000000   Code   RO         1251    .ARM.Collect$$libshutdown$$0000000C  c_w.l(libshutdown2.o)
    0x080001b0   0x00000000   Code   RO         1254    .ARM.Collect$$libshutdown$$0000000F  c_w.l(libshutdown2.o)
    0x080001b0   0x00000002   Code   RO         1255    .ARM.Collect$$libshutdown$$00000010  c_w.l(libshutdown2.o)
    0x080001b2   0x00000000   Code   RO         1080    .ARM.Collect$$rtentry$$00000000  c_w.l(__rtentry.o)
    0x080001b2   0x00000000   Code   RO         1104    .ARM.Collect$$rtentry$$00000002  c_w.l(__rtentry2.o)
    0x080001b2   0x00000006   Code   RO         1116    .ARM.Collect$$rtentry$$00000004  c_w.l(__rtentry4.o)
    0x080001b8   0x00000000   Code   RO         1106    .ARM.Collect$$rtentry$$00000009  c_w.l(__rtentry2.o)
    0x080001b8   0x00000004   Code   RO         1107    .ARM.Collect$$rtentry$$0000000A  c_w.l(__rtentry2.o)
    0x080001bc   0x00000000   Code   RO         1109    .ARM.Collect$$rtentry$$0000000C  c_w.l(__rtentry2.o)
    0x080001bc   0x00000008   Code   RO         1110    .ARM.Collect$$rtentry$$0000000D  c_w.l(__rtentry2.o)
    0x080001c4   0x00000002   Code   RO         1149    .ARM.Collect$$rtexit$$00000000  c_w.l(rtexit.o)
    0x080001c6   0x00000000   Code   RO         1201    .ARM.Collect$$rtexit$$00000002  c_w.l(rtexit2.o)
    0x080001c6   0x00000004   Code   RO         1202    .ARM.Collect$$rtexit$$00000003  c_w.l(rtexit2.o)
    0x080001ca   0x00000006   Code   RO         1203    .ARM.Collect$$rtexit$$00000004  c_w.l(rtexit2.o)
    0x080001d0   0x000002b0   Code   RO            1    .text               main.o
    0x08000480   0x00000030   Code   RO          151    .text               stm32f10x_it.o
    0x080004b0   0x000001e0   Code   RO          247    .text               system_stm32f10x.o
    0x08000690   0x000002e4   Code   RO          265    .text               key.o
    0x08000974   0x00000278   Code   RO          282    .text               i2c.o
    0x08000bec   0x000001cc   Code   RO          320    .text               mpu6050.o
    0x08000db8   0x00000104   Code   RO          339    .text               spi.o
    0x08000ebc   0x00000310   Code   RO          354    .text               24l01.o
    0x080011cc   0x000000e8   Code   RO          384    .text               smooth.o
    0x080012b4   0x000000d4   Code   RO          400    .text               delay.o
    0x08001388   0x0000000c   Code   RO          414    .text               sys.o
    0x08001394   0x00000140   Code   RO          426    .text               usart.o
    0x080014d4   0x00000040   Code   RO          463    .text               startup_stm32f10x_md.o
    0x08001514   0x000000dc   Code   RO          467    .text               misc.o
    0x080015f0   0x0000035c   Code   RO          517    .text               stm32f10x_gpio.o
    0x0800194c   0x000003a4   Code   RO          529    .text               stm32f10x_rcc.o
    0x08001cf0   0x00000408   Code   RO          543    .text               stm32f10x_usart.o
    0x080020f8   0x0000011c   Code   RO          555    .text               stm32f10x_exti.o
    0x08002214   0x0000030c   Code   RO          567    .text               stm32f10x_spi.o
    0x08002520   0x00000e1a   Code   RO          579    .text               stm32f10x_tim.o
    0x0800333a   0x00000002   PAD
    0x0800333c   0x00000b20   Code   RO          591    .text               usb_core.o
    0x08003e5c   0x000003d4   Code   RO          659    .text               usb_int.o
    0x08004230   0x0000005c   Code   RO          683    .text               usb_mem.o
    0x0800428c   0x000007b8   Code   RO          695    .text               usb_regs.o
    0x08004a44   0x00000118   Code   RO          707    .text               hw_config.o
    0x08004b5c   0x000000f8   Code   RO          817    .text               usb_istr.o
    0x08004c54   0x00000238   Code   RO          845    .text               usb_prop.o
    0x08004e8c   0x00000138   Code   RO          875    .text               usb_pwr.o
    0x08004fc4   0x00000d68   Code   RO          911    .text               anbt_dmp_driver.o
    0x08005d2c   0x000017dc   Code   RO          929    .text               anbt_dmp_mpu6050.o
    0x08007508   0x00000618   Code   RO          966    .text               anbt_i2c.o
    0x08007b20   0x00000002   Code   RO          980    .text               c_w.l(use_no_semi_2.o)
    0x08007b22   0x00000048   Code   RO          982    .text               c_w.l(llsdiv.o)
    0x08007b6a   0x00000002   PAD
    0x08007b6c   0x00000018   Code   RO          986    .text               c_w.l(noretval__2printf.o)
    0x08007b84   0x00000068   Code   RO          988    .text               c_w.l(__printf.o)
    0x08007bec   0x00000078   Code   RO          990    .text               c_w.l(_printf_dec.o)
    0x08007c64   0x00000058   Code   RO         1014    .text               c_w.l(memcmp.o)
    0x08007cbc   0x00000010   Code   RO         1016    .text               c_w.l(aeabi_memset.o)
    0x08007ccc   0x00000006   Code   RO         1018    .text               c_w.l(heapauxi.o)
    0x08007cd2   0x00000002   Code   RO         1078    .text               c_w.l(use_no_semi.o)
    0x08007cd4   0x000000ee   Code   RO         1081    .text               c_w.l(lludivv7m.o)
    0x08007dc2   0x000000b2   Code   RO         1083    .text               c_w.l(_printf_intcommon.o)
    0x08007e74   0x00000024   Code   RO         1085    .text               c_w.l(_printf_char_file.o)
    0x08007e98   0x00000044   Code   RO         1088    .text               c_w.l(rt_memclr.o)
    0x08007edc   0x00000030   Code   RO         1122    .text               c_w.l(_printf_char_common.o)
    0x08007f0c   0x00000008   Code   RO         1124    .text               c_w.l(ferror.o)
    0x08007f14   0x0000004e   Code   RO         1128    .text               c_w.l(rt_memclr_w.o)
    0x08007f62   0x0000004a   Code   RO         1132    .text               c_w.l(sys_stackheap_outer.o)
    0x08007fac   0x00000012   Code   RO         1138    .text               c_w.l(exit.o)
    0x08007fbe   0x00000002   PAD
    0x08007fc0   0x00000008   Code   RO         1146    .text               c_w.l(libspace.o)
    0x08007fc8   0x00000150   Code   RO         1022    x$fpl$dadd          fz_ws.l(daddsub_clz.o)
    0x08008118   0x00000018   Code   RO         1130    x$fpl$dcmpinf       fz_ws.l(dcmpi.o)
    0x08008130   0x000002b0   Code   RO         1029    x$fpl$ddiv          fz_ws.l(ddiv.o)
    0x080083e0   0x0000005e   Code   RO         1032    x$fpl$dfix          fz_ws.l(dfix.o)
    0x0800843e   0x0000002e   Code   RO         1037    x$fpl$dflt          fz_ws.l(dflt_clz.o)
    0x0800846c   0x00000078   Code   RO         1090    x$fpl$dleqf         fz_ws.l(dleqf.o)
    0x080084e4   0x0000009c   Code   RO         1092    x$fpl$dnaninf       fz_ws.l(dnaninf.o)
    0x08008580   0x0000000c   Code   RO         1094    x$fpl$dretinf       fz_ws.l(dretinf.o)
    0x0800858c   0x0000006c   Code   RO         1042    x$fpl$drleqf        fz_ws.l(drleqf.o)
    0x080085f8   0x000001d4   Code   RO         1024    x$fpl$dsub          fz_ws.l(daddsub_clz.o)
    0x080087cc   0x00000056   Code   RO         1044    x$fpl$f2d           fz_ws.l(f2d.o)
    0x08008822   0x00000002   PAD
    0x08008824   0x000000c4   Code   RO         1046    x$fpl$fadd          fz_ws.l(faddsub_clz.o)
    0x080088e8   0x00000018   Code   RO         1096    x$fpl$fcmpinf       fz_ws.l(fcmpi.o)
    0x08008900   0x00000184   Code   RO         1053    x$fpl$fdiv          fz_ws.l(fdiv.o)
    0x08008a84   0x00000068   Code   RO         1056    x$fpl$feqf          fz_ws.l(feqf.o)
    0x08008aec   0x00000036   Code   RO         1058    x$fpl$ffix          fz_ws.l(ffix.o)
    0x08008b22   0x00000002   PAD
    0x08008b24   0x0000003e   Code   RO         1062    x$fpl$ffixu         fz_ws.l(ffixu.o)
    0x08008b62   0x00000002   PAD
    0x08008b64   0x00000030   Code   RO         1067    x$fpl$fflt          fz_ws.l(fflt_clz.o)
    0x08008b94   0x00000026   Code   RO         1066    x$fpl$ffltu         fz_ws.l(fflt_clz.o)
    0x08008bba   0x00000002   PAD
    0x08008bbc   0x00000068   Code   RO         1072    x$fpl$fleqf         fz_ws.l(fleqf.o)
    0x08008c24   0x00000102   Code   RO         1074    x$fpl$fmul          fz_ws.l(fmul.o)
    0x08008d26   0x0000008c   Code   RO         1098    x$fpl$fnaninf       fz_ws.l(fnaninf.o)
    0x08008db2   0x0000000a   Code   RO         1100    x$fpl$fretinf       fz_ws.l(fretinf.o)
    0x08008dbc   0x00000062   Code   RO         1076    x$fpl$frleqf        fz_ws.l(frleqf.o)
    0x08008e1e   0x00000002   PAD
    0x08008e20   0x000000ea   Code   RO         1048    x$fpl$fsub          fz_ws.l(faddsub_clz.o)
    0x08008f0a   0x00000000   Code   RO         1102    x$fpl$usenofp       fz_ws.l(usenofp.o)
    0x08008f0a   0x0000000a   Data   RO          355    .constdata          24l01.o
    0x08008f14   0x000000be   Data   RO          804    .constdata          usb_desc.o
    0x08008fd2   0x00000bf6   Data   RO          913    .constdata          anbt_dmp_driver.o
    0x08009bc8   0x00000050   Data   RO          931    .constdata          anbt_dmp_mpu6050.o
    0x08009c18   0x00000020   Data   RO         1273    Region$$Table       anon$$obj.o


    Execution Region RW_IRAM1 (Base: 0x20000000, Size: 0x00000938, Max: 0x00005000, ABSOLUTE, COMPRESSED[0x000000ac])

    Base Addr    Size         Type   Attr      Idx    E Section Name        Object

    0x20000000   0x00000010   Data   RW            2    .data               main.o
    0x20000010   0x00000014   Data   RW          248    .data               system_stm32f10x.o
    0x20000024   0x00000010   Data   RW          267    .data               key.o
    0x20000034   0x0000000c   Data   RW          385    .data               smooth.o
    0x20000040   0x00000004   Data   RW          401    .data               delay.o
    0x20000044   0x00000006   Data   RW          428    .data               usart.o
    0x2000004a   0x00000014   Data   RW          530    .data               stm32f10x_rcc.o
    0x2000005e   0x00000003   Data   RW          592    .data               usb_core.o
    0x20000061   0x00000003   PAD
    0x20000064   0x00000014   Data   RW          638    .data               usb_init.o
    0x20000078   0x00000004   Data   RW          660    .data               usb_int.o
    0x2000007c   0x0000001a   Data   RW          805    .data               usb_desc.o
    0x20000096   0x00000002   PAD
    0x20000098   0x0000003c   Data   RW          818    .data               usb_istr.o
    0x200000d4   0x0000009c   Data   RW          846    .data               usb_prop.o
    0x20000170   0x00000007   Data   RW          876    .data               usb_pwr.o
    0x20000177   0x00000001   PAD
    0x20000178   0x0000004c   Data   RW          932    .data               anbt_dmp_mpu6050.o
    0x200001c4   0x0000000a   Zero   RW          266    .bss                key.o
    0x200001ce   0x000000c8   Zero   RW          427    .bss                usart.o
    0x20000296   0x00000002   PAD
    0x20000298   0x0000001c   Zero   RW          637    .bss                usb_init.o
    0x200002b4   0x00000010   Zero   RW          912    .bss                anbt_dmp_driver.o
    0x200002c4   0x00000010   Zero   RW          930    .bss                anbt_dmp_mpu6050.o
    0x200002d4   0x00000060   Zero   RW         1147    .bss                c_w.l(libspace.o)
    0x20000334   0x00000004   PAD
    0x20000338   0x00000200   Zero   RW          461    HEAP                startup_stm32f10x_md.o
    0x20000538   0x00000400   Zero   RW          460    STACK               startup_stm32f10x_md.o


==============================================================================

Image component sizes


      Code (inc. data)   RO Data    RW Data    ZI Data      Debug   Object Name

       784         34         10          0          0       3767   24l01.o
      3432        124       3062          0         16      14867   anbt_dmp_driver.o
      6108        104         80         76         16      18182   anbt_dmp_mpu6050.o
      1560         14          0          0          0       5152   anbt_i2c.o
         0          0          0          0          0         32   core_cm3.o
       212         18          0          4          0        995   delay.o
       280         18          0          0          0     210439   hw_config.o
       632          4          0          0          0     205471   i2c.o
       740         56          0         16         10       2430   key.o
       688        134          0         16          0     250661   main.o
       220         22          0          0          0     257629   misc.o
       460         16          0          0          0       2089   mpu6050.o
       232         20          0         12          0       2045   smooth.o
       260         10          0          0          0       1101   spi.o
        64         26        236          0       1536        776   startup_stm32f10x_md.o
       284         10          0          0          0       2223   stm32f10x_exti.o
       860         38          0          0          0       5697   stm32f10x_gpio.o
        48          0          0          0          0      22867   stm32f10x_it.o
       932         36          0         20          0       8860   stm32f10x_rcc.o
       780         14          0          0          0       6582   stm32f10x_spi.o
      3610         88          0          0          0      22808   stm32f10x_tim.o
      1032         22          0          0          0       8424   stm32f10x_usart.o
        12          0          0          0          0        429   sys.o
       480         38          0         20          0       1671   system_stm32f10x.o
       320         16          0          6        200       3110   usart.o
      2848        112          0          3          0      18999   usb_core.o
         0          0        190         26          0        997   usb_desc.o
         0          0          0         20         28       3435   usb_init.o
       980         32          0          4          0       1760   usb_int.o
       248         26          0         60          0       1256   usb_istr.o
        92          6          0          0          0       1290   usb_mem.o
       568         54          0        156          0       7482   usb_prop.o
       312         20          0          7          0       5253   usb_pwr.o
      1976         26          0          0          0      11793   usb_regs.o

    ----------------------------------------------------------------------
     31056       1138       3610        452       1808    1110572   Object Totals
         0          0         32          0          0          0   (incl. Generated)
         2          0          0          6          2          0   (incl. Padding)

    ----------------------------------------------------------------------

      Code (inc. data)   RO Data    RW Data    ZI Data      Debug   Library Member Name

        90          0          0          0          0          0   __dczerorl2.o
         8          0          0          0          0         68   __main.o
       104          0          0          0          0         84   __printf.o
         0          0          0          0          0          0   __rtentry.o
        12          0          0          0          0          0   __rtentry2.o
         6          0          0          0          0          0   __rtentry4.o
        52          8          0          0          0          0   __scatter.o
        28          0          0          0          0          0   __scatter_zi.o
        48          6          0          0          0         96   _printf_char_common.o
        36          4          0          0          0         80   _printf_char_file.o
         6          0          0          0          0          0   _printf_d.o
       120         16          0          0          0         92   _printf_dec.o
       178          0          0          0          0         88   _printf_intcommon.o
         0          0          0          0          0          0   _printf_percent.o
         4          0          0          0          0          0   _printf_percent_end.o
        16          0          0          0          0         68   aeabi_memset.o
        18          0          0          0          0         80   exit.o
         8          0          0          0          0         68   ferror.o
         6          0          0          0          0        152   heapauxi.o
         2          0          0          0          0          0   libinit.o
         2          0          0          0          0          0   libinit2.o
         2          0          0          0          0          0   libshutdown.o
         2          0          0          0          0          0   libshutdown2.o
         8          4          0          0         96         68   libspace.o
        72          0          0          0          0         76   llsdiv.o
       238          0          0          0          0        100   lludivv7m.o
        88          0          0          0          0         76   memcmp.o
        24          4          0          0          0         84   noretval__2printf.o
        68          0          0          0          0         68   rt_memclr.o
        78          0          0          0          0         80   rt_memclr_w.o
         2          0          0          0          0          0   rtexit.o
        10          0          0          0          0          0   rtexit2.o
        74          0          0          0          0         80   sys_stackheap_outer.o
         2          0          0          0          0         68   use_no_semi.o
         2          0          0          0          0         68   use_no_semi_2.o
       804         16          0          0          0        272   daddsub_clz.o
        24          0          0          0          0         68   dcmpi.o
       688        140          0          0          0        208   ddiv.o
        94          4          0          0          0         92   dfix.o
        46          0          0          0          0         68   dflt_clz.o
       120          4          0          0          0         92   dleqf.o
       156          4          0          0          0         92   dnaninf.o
        12          0          0          0          0         68   dretinf.o
       108          0          0          0          0         80   drleqf.o
        86          4          0          0          0         84   f2d.o
       430          8          0          0          0        168   faddsub_clz.o
        24          0          0          0          0         68   fcmpi.o
       388         76          0          0          0         96   fdiv.o
       104          4          0          0          0         84   feqf.o
        54          4          0          0          0         84   ffix.o
        62          4          0          0          0         84   ffixu.o
        86          0          0          0          0        136   fflt_clz.o
       104          4          0          0          0         84   fleqf.o
       258          4          0          0          0         84   fmul.o
       140          4          0          0          0         84   fnaninf.o
        10          0          0          0          0         68   fretinf.o
        98          0          0          0          0         68   frleqf.o
         0          0          0          0          0          0   usenofp.o

    ----------------------------------------------------------------------
      5326        322          0          0        100       3876   Library Totals
        16          0          0          0          4          0   (incl. Padding)

    ----------------------------------------------------------------------

      Code (inc. data)   RO Data    RW Data    ZI Data      Debug   Library Name

      1414         42          0          0         96       1644   c_w.l
      3896        280          0          0          0       2232   fz_ws.l

    ----------------------------------------------------------------------
      5326        322          0          0        100       3876   Library Totals

    ----------------------------------------------------------------------

==============================================================================


      Code (inc. data)   RO Data    RW Data    ZI Data      Debug   

     36382       1460       3610        452       1908    1109296   Grand Totals
     36382       1460       3610        172       1908    1109296   ELF Image Totals (compressed)
     36382       1460       3610        172          0          0   ROM Totals

==============================================================================

    Total RO  Size (Code + RO Data)                39992 (  39.05kB)
    Total RW  Size (RW Data + ZI Data)              2360 (   2.30kB)
    Total ROM Size (Code + RO Data + RW Data)      40164 (  39.22kB)

==============================================================================

